Component: ARM Compiler 5.06 update 7 (build 960) Tool: armlink [4d3601]

==============================================================================

Section Cross References

    startup.o(RESET) refers to startup.o(STACK) for StackMem
    startup.o(RESET) refers to entry.o(.ARM.Collect$$$$00000000) for __main
    st7735testmain.o(i.BookExamples) refers to printfa.o(i.__0printf) for __2printf
    st7735testmain.o(i.BookExamples) refers to f2d.o(.text) for __aeabi_f2d
    st7735testmain.o(i.Pause) refers to cortexm.o(i.Clock_Delay1ms) for Clock_Delay1ms
    st7735testmain.o(i.ST7735_LanguageTest) refers to st7735testmain.o(i.ST7735_OutPhrase) for ST7735_OutPhrase
    st7735testmain.o(i.ST7735_LanguageTest) refers to st7735.o(i.ST7735_OutChar) for ST7735_OutChar
    st7735testmain.o(i.ST7735_LanguageTest) refers to st7735testmain.o(.data) for myLanguage
    st7735testmain.o(i.ST7735_OutPhrase) refers to st7735.o(i.ST7735_OutChar) for ST7735_OutChar
    st7735testmain.o(i.ST7735_OutPhrase) refers to st7735testmain.o(.data) for Phrases
    st7735testmain.o(i.ST7735_PhraseTest) refers to st7735testmain.o(i.ST7735_OutPhrase) for ST7735_OutPhrase
    st7735testmain.o(i.ST7735_PhraseTest) refers to st7735.o(i.ST7735_OutChar) for ST7735_OutChar
    st7735testmain.o(i.ST7735_PhraseTest) refers to st7735testmain.o(.data) for myLanguage
    st7735testmain.o(i.drawthecolors) refers to st7735.o(i.ST7735_Color565) for ST7735_Color565
    st7735testmain.o(i.drawthecolors) refers to st7735.o(i.ST7735_DrawFastHLine) for ST7735_DrawFastHLine
    st7735testmain.o(i.drawthecolors) refers to cortexm.o(i.Clock_Delay1ms) for Clock_Delay1ms
    st7735testmain.o(i.drawthecolors) refers to st7735testmain.o(.data) for y
    st7735testmain.o(i.main) refers to st7735.o(i.Output_Init) for Output_Init
    st7735testmain.o(i.main) refers to st7735.o(i.Output_Color) for Output_Color
    st7735testmain.o(i.main) refers to st7735testmain.o(i.BookExamples) for BookExamples
    st7735testmain.o(i.main) refers to printfa.o(i.__0printf) for __2printf
    st7735testmain.o(i.main0) refers to pll.o(i.PLL_Init) for PLL_Init
    st7735testmain.o(i.main0) refers to st7735.o(i.Output_Init) for Output_Init
    st7735testmain.o(i.main0) refers to printfa.o(i.__0printf) for __2printf
    st7735testmain.o(i.main2) refers to pll.o(i.PLL_Init) for PLL_Init
    st7735testmain.o(i.main2) refers to st7735.o(i.ST7735_InitR) for ST7735_InitR
    st7735testmain.o(i.main2) refers to st7735.o(i.ST7735_Color565) for ST7735_Color565
    st7735testmain.o(i.main2) refers to st7735.o(i.ST7735_DrawSmallCircle) for ST7735_DrawSmallCircle
    st7735testmain.o(i.main2) refers to st7735.o(i.ST7735_DrawCircle) for ST7735_DrawCircle
    st7735testmain.o(i.main2) refers to st7735.o(i.ST7735_DrawCharS) for ST7735_DrawCharS
    st7735testmain.o(i.main2) refers to st7735.o(i.ST7735_DrawChar) for ST7735_DrawChar
    st7735testmain.o(i.main2) refers to cortexm.o(i.Clock_Delay1ms) for Clock_Delay1ms
    st7735testmain.o(i.main2) refers to st7735.o(i.ST7735_FillScreen) for ST7735_FillScreen
    st7735testmain.o(i.main2) refers to st7735.o(i.ST7735_DrawBitmap) for ST7735_DrawBitmap
    st7735testmain.o(i.main2) refers to st7735testmain.o(.constdata) for Test2
    st7735testmain.o(i.main3) refers to pll.o(i.PLL_Init) for PLL_Init
    st7735testmain.o(i.main3) refers to st7735.o(i.ST7735_InitR) for ST7735_InitR
    st7735testmain.o(i.main3) refers to st7735testmain.o(i.drawthecolors) for drawthecolors
    st7735testmain.o(i.main4) refers to pll.o(i.PLL_Init) for PLL_Init
    st7735testmain.o(i.main4) refers to st7735_portd.o(i.ST7735_InitR_PortD) for ST7735_InitR_PortD
    st7735testmain.o(i.main4) refers to st7735_portd.o(i.ST7735_OutString_PortD) for ST7735_OutString_PortD
    st7735testmain.o(i.main4) refers to st7735_portd.o(i.ST7735_PlotClear_PortD) for ST7735_PlotClear_PortD
    st7735testmain.o(i.main4) refers to st7735_portd.o(i.ST7735_PlotPoints_PortD) for ST7735_PlotPoints_PortD
    st7735testmain.o(i.main4) refers to st7735_portd.o(i.ST7735_PlotNext_PortD) for ST7735_PlotNext_PortD
    st7735testmain.o(i.main7) refers to pll.o(i.PLL_Init) for PLL_Init
    st7735testmain.o(i.main7) refers to st7735.o(i.ST7735_InitR) for ST7735_InitR
    st7735testmain.o(i.main7) refers to st7735.o(i.ST7735_FillRect) for ST7735_FillRect
    st7735testmain.o(i.main8) refers to pll.o(i.PLL_Init) for PLL_Init
    st7735testmain.o(i.main8) refers to st7735.o(i.ST7735_InitR) for ST7735_InitR
    st7735testmain.o(i.main8) refers to st7735.o(i.ST7735_OutString) for ST7735_OutString
    st7735testmain.o(i.main8) refers to st7735.o(i.ST7735_PlotClear) for ST7735_PlotClear
    st7735testmain.o(i.main8) refers to st7735.o(i.ST7735_PlotPoints) for ST7735_PlotPoints
    st7735testmain.o(i.main8) refers to st7735.o(i.ST7735_PlotNext) for ST7735_PlotNext
    st7735testmain.o(i.main9) refers to pll.o(i.PLL_Init) for PLL_Init
[...]
    st7735.o(i.ST7735_FillScreen) refers to st7735.o(.data) for _height
    st7735.o(i.ST7735_InitB) refers to st7735.o(i.commonInit) for commonInit
    st7735.o(i.ST7735_InitB) refers to st7735.o(i.ST7735_SetCursor) for ST7735_SetCursor
    st7735.o(i.ST7735_InitB) refers to st7735.o(i.ST7735_FillScreen) for ST7735_FillScreen
    st7735.o(i.ST7735_InitB) refers to st7735.o(.constdata) for Bcmd
    st7735.o(i.ST7735_InitB) refers to st7735.o(.data) for StTextColor
    st7735.o(i.ST7735_InitR) refers to st7735.o(i.commonInit) for commonInit
    st7735.o(i.ST7735_InitR) refers to st7735.o(i.commandList) for commandList
    st7735.o(i.ST7735_InitR) refers to st7735.o(i.writecommand) for writecommand
    st7735.o(i.ST7735_InitR) refers to st7735.o(i.writedata) for writedata
    st7735.o(i.ST7735_InitR) refers to st7735.o(i.ST7735_SetCursor) for ST7735_SetCursor
    st7735.o(i.ST7735_InitR) refers to st7735.o(i.ST7735_FillScreen) for ST7735_FillScreen
    st7735.o(i.ST7735_InitR) refers to st7735.o(.constdata) for Rcmd1
    st7735.o(i.ST7735_InitR) refers to st7735.o(.data) for ColStart
    st7735.o(i.ST7735_InvertDisplay) refers to st7735.o(i.writecommand) for writecommand
    st7735.o(i.ST7735_InvertDisplay) refers to st7735.o(i.deselect) for deselect
    st7735.o(i.ST7735_Line) refers to st7735.o(i.plotLineX) for plotLineX
    st7735.o(i.ST7735_Line) refers to st7735.o(i.plotLineY) for plotLineY
    st7735.o(i.ST7735_OutChar) refers to st7735.o(i.ST7735_DrawString) for ST7735_DrawString
    st7735.o(i.ST7735_OutChar) refers to st7735.o(i.ST7735_DrawCharS) for ST7735_DrawCharS
    st7735.o(i.ST7735_OutChar) refers to st7735.o(.data) for StY
    st7735.o(i.ST7735_OutString) refers to st7735.o(i.ST7735_OutChar) for ST7735_OutChar
    st7735.o(i.ST7735_OutUDec) refers to st7735.o(i.fillmessage) for fillmessage
    st7735.o(i.ST7735_OutUDec) refers to st7735.o(i.ST7735_DrawString) for ST7735_DrawString
    st7735.o(i.ST7735_OutUDec) refers to st7735.o(i.ST7735_DrawCharS) for ST7735_DrawCharS
    st7735.o(i.ST7735_OutUDec) refers to st7735.o(.data) for Messageindex
    st7735.o(i.ST7735_OutUDec) refers to st7735.o(.bss) for Message
    st7735.o(i.ST7735_OutUDec4) refers to st7735.o(i.fillmessage4) for fillmessage4
    st7735.o(i.ST7735_OutUDec4) refers to st7735.o(i.ST7735_DrawString) for ST7735_DrawString
    st7735.o(i.ST7735_OutUDec4) refers to st7735.o(i.ST7735_DrawCharS) for ST7735_DrawCharS
    st7735.o(i.ST7735_OutUDec4) refers to st7735.o(.data) for Messageindex
    st7735.o(i.ST7735_OutUDec4) refers to st7735.o(.bss) for Message
    st7735.o(i.ST7735_OutUDec5) refers to st7735.o(i.fillmessage5) for fillmessage5
    st7735.o(i.ST7735_OutUDec5) refers to st7735.o(i.ST7735_DrawString) for ST7735_DrawString
    st7735.o(i.ST7735_OutUDec5) refers to st7735.o(i.ST7735_DrawCharS) for ST7735_DrawCharS
    st7735.o(i.ST7735_OutUDec5) refers to st7735.o(.data) for Messageindex
    st7735.o(i.ST7735_OutUDec5) refers to st7735.o(.bss) for Message
    st7735.o(i.ST7735_PlotBar) refers to st7735.o(i.ST7735_DrawFastVLine) for ST7735_DrawFastVLine
    st7735.o(i.ST7735_PlotBar) refers to st7735.o(.data) for Ymin
    st7735.o(i.ST7735_PlotClear) refers to st7735.o(i.ST7735_Color565) for ST7735_Color565
    st7735.o(i.ST7735_PlotClear) refers to st7735.o(i.ST7735_FillRect) for ST7735_FillRect
    st7735.o(i.ST7735_PlotClear) refers to st7735.o(.data) for Ymax
    st7735.o(i.ST7735_PlotLine) refers to st7735.o(i.ST7735_DrawPixel) for ST7735_DrawPixel
    st7735.o(i.ST7735_PlotLine) refers to st7735.o(.data) for Ymin
    st7735.o(i.ST7735_PlotNext) refers to st7735.o(.data) for X
    st7735.o(i.ST7735_PlotNextErase) refers to st7735.o(i.ST7735_Color565) for ST7735_Color565
    st7735.o(i.ST7735_PlotNextErase) refers to st7735.o(i.ST7735_DrawFastVLine) for ST7735_DrawFastVLine
    st7735.o(i.ST7735_PlotNextErase) refers to st7735.o(.data) for X
    st7735.o(i.ST7735_PlotPoint) refers to st7735.o(i.ST7735_DrawPixel) for ST7735_DrawPixel
    st7735.o(i.ST7735_PlotPoint) refers to st7735.o(.data) for Ymin
    st7735.o(i.ST7735_PlotPoints) refers to st7735.o(i.ST7735_DrawPixel) for ST7735_DrawPixel
    st7735.o(i.ST7735_PlotPoints) refers to st7735.o(.data) for Ymin
    st7735.o(i.ST7735_PlotdBfs) refers to st7735.o(i.ST7735_DrawFastVLine) for ST7735_DrawFastVLine
    st7735.o(i.ST7735_PlotdBfs) refers to st7735.o(.constdata) for dBfs
    st7735.o(i.ST7735_PlotdBfs) refers to st7735.o(.data) for X
    st7735.o(i.ST7735_SetCursor) refers to st7735.o(.data) for StX
    st7735.o(i.ST7735_SetRotation) refers to st7735.o(i.writecommand) for writecommand
    st7735.o(i.ST7735_SetRotation) refers to st7735.o(i.writedata) for writedata
    st7735.o(i.ST7735_SetRotation) refers to st7735.o(i.deselect) for deselect
    st7735.o(i.ST7735_SetRotation) refers to st7735.o(.data) for Rotation
    st7735.o(i.ST7735_SetTextColor) refers to st7735.o(.data) for StTextColor
    st7735.o(i.ST7735_SetX) refers to st7735.o(.data) for X
    st7735.o(i.ST7735_sDecOut2) refers to st7735.o(i.ST7735_OutString) for ST7735_OutString
    st7735.o(i.ST7735_sDecOut2) refers to st7735.o(i.ST7735_OutUDec) for ST7735_OutUDec
    st7735.o(i.ST7735_uBinOut6) refers to st7735.o(i.ST7735_OutString) for ST7735_OutString
    st7735.o(i.ST7735_uBinOut6) refers to st7735.o(i.ST7735_OutUDec) for ST7735_OutUDec
    st7735.o(i.commandList) refers to st7735.o(i.writecommand) for writecommand
    st7735.o(i.commandList) refers to st7735.o(i.writedata) for writedata
    st7735.o(i.commandList) refers to st7735.o(i.Delay1ms) for Delay1ms
    st7735.o(i.commonInit) refers to st7735.o(i.Delay1ms) for Delay1ms
    st7735.o(i.commonInit) refers to st7735.o(i.commandList) for commandList
    st7735.o(i.commonInit) refers to st7735.o(.data) for RowStart
    st7735.o(i.fillmessage) refers to st7735.o(.bss) for Message
    st7735.o(i.fillmessage) refers to st7735.o(.data) for Messageindex
    st7735.o(i.fillmessage4) refers to st7735.o(i.fillmessage) for fillmessage
    st7735.o(i.fillmessage4) refers to st7735.o(.data) for Messageindex
    st7735.o(i.fillmessage4) refers to st7735.o(.bss) for Message
    st7735.o(i.fillmessage5) refers to st7735.o(i.fillmessage) for fillmessage
    st7735.o(i.fillmessage5) refers to st7735.o(.data) for Messageindex
    st7735.o(i.fillmessage5) refers to st7735.o(.bss) for Message
    st7735.o(i.fputc) refers to st7735.o(i.ST7735_OutChar) for ST7735_OutChar
    st7735.o(i.plotLineX) refers to st7735.o(i.ST7735_DrawPixel) for ST7735_DrawPixel
    st7735.o(i.plotLineY) refers to st7735.o(i.ST7735_DrawPixel) for ST7735_DrawPixel
    st7735.o(i.pushColor) refers to st7735.o(i.writedata) for writedata
    st7735.o(i.setAddrWindow) refers to st7735.o(i.writecommand) for writecommand
    st7735.o(i.setAddrWindow) refers to st7735.o(i.writedata) for writedata
    st7735.o(i.setAddrWindow) refers to st7735.o(.data) for ColStart
    st7735_portd.o(i.Output_Clear_PortD) refers to st7735_portd.o(i.ST7735_FillScreen_PortD) for ST7735_FillScreen_PortD
    st7735_portd.o(i.Output_Color_PortD) refers to st7735_portd.o(i.ST7735_SetTextColor_PortD) for ST7735_SetTextColor_PortD
    st7735_portd.o(i.Output_Init_PortD) refers to st7735_portd.o(i.ST7735_InitR_PortD) for ST7735_InitR_PortD
    st7735_portd.o(i.Output_Init_PortD) refers to st7735_portd.o(i.ST7735_FillScreen_PortD) for ST7735_FillScreen_PortD
    st7735_portd.o(i.Output_Off_PortD) refers to st7735_portd.o(i.Output_Clear_PortD) for Output_Clear_PortD
    st7735_portd.o(i.Output_On_PortD) refers to st7735_portd.o(i.Output_Init_PortD) for Output_Init_PortD
    st7735_portd.o(i.ST7735_DrawBitmap_PortD) refers to st7735_portd.o(i.setAddrWindow) for setAddrWindow
    st7735_portd.o(i.ST7735_DrawBitmap_PortD) refers to st7735_portd.o(i.writedata) for writedata
    st7735_portd.o(i.ST7735_DrawBitmap_PortD) refers to st7735_portd.o(.data) for _width
    st7735_portd.o(i.ST7735_DrawCharS_PortD) refers to st7735_portd.o(i.ST7735_DrawPixel_PortD) for ST7735_DrawPixel_PortD
    st7735_portd.o(i.ST7735_DrawCharS_PortD) refers to st7735_portd.o(i.ST7735_FillRect_PortD) for ST7735_FillRect_PortD
    st7735_portd.o(i.ST7735_DrawCharS_PortD) refers to st7735_portd.o(.data) for _width
    st7735_portd.o(i.ST7735_DrawCharS_PortD) refers to st7735_portd.o(.constdata) for Font
    st7735_portd.o(i.ST7735_DrawChar_PortD) refers to st7735_portd.o(i.setAddrWindow) for setAddrWindow
    st7735_portd.o(i.ST7735_DrawChar_PortD) refers to st7735_portd.o(i.pushColor) for pushColor
    st7735_portd.o(i.ST7735_DrawChar_PortD) refers to st7735_portd.o(.data) for _width
    st7735_portd.o(i.ST7735_DrawChar_PortD) refers to st7735_portd.o(.constdata) for Font
    st7735_portd.o(i.ST7735_DrawFastHLine_PortD) refers to st7735_portd.o(i.setAddrWindow) for setAddrWindow
    st7735_portd.o(i.ST7735_DrawFastHLine_PortD) refers to st7735_portd.o(i.writedata) for writedata
    st7735_portd.o(i.ST7735_DrawFastHLine_PortD) refers to st7735_portd.o(.data) for _width
    st7735_portd.o(i.ST7735_DrawFastVLine_PortD) refers to st7735_portd.o(i.setAddrWindow) for setAddrWindow
    st7735_portd.o(i.ST7735_DrawFastVLine_PortD) refers to st7735_portd.o(i.writedata) for writedata
    st7735_portd.o(i.ST7735_DrawFastVLine_PortD) refers to st7735_portd.o(.data) for _width
    st7735_portd.o(i.ST7735_DrawPixel_PortD) refers to st7735_portd.o(i.setAddrWindow) for setAddrWindow
    st7735_portd.o(i.ST7735_DrawPixel_PortD) refers to st7735_portd.o(i.pushColor) for pushColor
    st7735_portd.o(i.ST7735_DrawPixel_PortD) refers to st7735_portd.o(.data) for _width
    st7735_portd.o(i.ST7735_DrawString_PortD) refers to st7735_portd.o(i.ST7735_DrawCharS_PortD) for ST7735_DrawCharS_PortD
    st7735_portd.o(i.ST7735_FillRect_PortD) refers to st7735_portd.o(i.setAddrWindow) for setAddrWindow
    st7735_portd.o(i.ST7735_FillRect_PortD) refers to st7735_portd.o(i.writedata) for writedata
    st7735_portd.o(i.ST7735_FillRect_PortD) refers to st7735_portd.o(.data) for _width
    st7735_portd.o(i.ST7735_FillScreen_PortD) refers to st7735_portd.o(i.ST7735_FillRect_PortD) for ST7735_FillRect_PortD
    st7735_portd.o(i.ST7735_FillScreen_PortD) refers to st7735_portd.o(.data) for _height
    st7735_portd.o(i.ST7735_InitB_PortD) refers to st7735_portd.o(i.commonInit) for commonInit
    st7735_portd.o(i.ST7735_InitB_PortD) refers to st7735_portd.o(i.ST7735_SetCursor_PortD) for ST7735_SetCursor_PortD
    st7735_portd.o(i.ST7735_InitB_PortD) refers to st7735_portd.o(i.ST7735_FillScreen_PortD) for ST7735_FillScreen_PortD
    st7735_portd.o(i.ST7735_InitB_PortD) refers to st7735_portd.o(.constdata) for Bcmd
    st7735_portd.o(i.ST7735_InitB_PortD) refers to st7735_portd.o(.data) for StTextColor_PortD
    st7735_portd.o(i.ST7735_InitR_PortD) refers to st7735_portd.o(i.commonInit) for commonInit
    st7735_portd.o(i.ST7735_InitR_PortD) refers to st7735_portd.o(i.commandList) for commandList
    st7735_portd.o(i.ST7735_InitR_PortD) refers to st7735_portd.o(i.writecommand) for writecommand
    st7735_portd.o(i.ST7735_InitR_PortD) refers to st7735_portd.o(i.writedata) for writedata
    st7735_portd.o(i.ST7735_InitR_PortD) refers to st7735_portd.o(i.ST7735_SetCursor_PortD) for ST7735_SetCursor_PortD
    st7735_portd.o(i.ST7735_InitR_PortD) refers to st7735_portd.o(i.ST7735_FillScreen_PortD) for ST7735_FillScreen_PortD
    st7735_portd.o(i.ST7735_InitR_PortD) refers to st7735_portd.o(.constdata) for Rcmd1
    st7735_portd.o(i.ST7735_InitR_PortD) refers to st7735_portd.o(.data) for ColStart
    st7735_portd.o(i.ST7735_InvertDisplay_PortD) refers to st7735_portd.o(i.writecommand) for writecommand
    st7735_portd.o(i.ST7735_Line_PortD) refers to st7735_portd.o(i.plotLineX_PortD) for plotLineX_PortD
    st7735_portd.o(i.ST7735_Line_PortD) refers to st7735_portd.o(i.plotLineY_PortD) for plotLineY_PortD
    st7735_portd.o(i.ST7735_OutChar_PortD) refers to st7735_portd.o(i.ST7735_DrawString_PortD) for ST7735_DrawString_PortD
    st7735_portd.o(i.ST7735_OutChar_PortD) refers to st7735_portd.o(i.ST7735_DrawCharS_PortD) for ST7735_DrawCharS_PortD
    st7735_portd.o(i.ST7735_OutChar_PortD) refers to st7735_portd.o(.data) for StY_PortD
    st7735_portd.o(i.ST7735_OutString_PortD) refers to st7735_portd.o(i.ST7735_OutChar_PortD) for ST7735_OutChar_PortD
    st7735_portd.o(i.ST7735_OutUDec_PortD) refers to st7735_portd.o(i.fillmessage_PortD) for fillmessage_PortD
    st7735_portd.o(i.ST7735_OutUDec_PortD) refers to st7735_portd.o(i.ST7735_DrawString_PortD) for ST7735_DrawString_PortD
    st7735_portd.o(i.ST7735_OutUDec_PortD) refers to st7735_portd.o(i.ST7735_DrawCharS_PortD) for ST7735_DrawCharS_PortD
    st7735_portd.o(i.ST7735_OutUDec_PortD) refers to st7735_portd.o(.data) for Messageindex_PortD
    st7735_portd.o(i.ST7735_OutUDec_PortD) refers to st7735_portd.o(.bss) for Message_PortD
    st7735_portd.o(i.ST7735_PlotBar_PortD) refers to st7735_portd.o(i.ST7735_DrawFastVLine_PortD) for ST7735_DrawFastVLine_PortD
    st7735_portd.o(i.ST7735_PlotBar_PortD) refers to st7735_portd.o(.data) for Ymin_PortD
    st7735_portd.o(i.ST7735_PlotClear_PortD) refers to st7735_portd.o(i.ST7735_Color565_PortD) for ST7735_Color565_PortD
    st7735_portd.o(i.ST7735_PlotClear_PortD) refers to st7735_portd.o(i.ST7735_FillRect_PortD) for ST7735_FillRect_PortD
    st7735_portd.o(i.ST7735_PlotClear_PortD) refers to st7735_portd.o(.data) for Ymax_PortD
    st7735_portd.o(i.ST7735_PlotLine_PortD) refers to st7735_portd.o(i.ST7735_DrawPixel_PortD) for ST7735_DrawPixel_PortD
    st7735_portd.o(i.ST7735_PlotLine_PortD) refers to st7735_portd.o(.data) for Ymin_PortD
    st7735_portd.o(i.ST7735_PlotNextErase_PortD) refers to st7735_portd.o(i.ST7735_Color565_PortD) for ST7735_Color565_PortD
    st7735_portd.o(i.ST7735_PlotNextErase_PortD) refers to st7735_portd.o(i.ST7735_DrawFastVLine_PortD) for ST7735_DrawFastVLine_PortD
    st7735_portd.o(i.ST7735_PlotNextErase_PortD) refers to st7735_portd.o(.data) for X_PortD
    st7735_portd.o(i.ST7735_PlotNext_PortD) refers to st7735_portd.o(.data) for X_PortD
    st7735_portd.o(i.ST7735_PlotPoint_PortD) refers to st7735_portd.o(i.ST7735_DrawPixel_PortD) for ST7735_DrawPixel_PortD
    st7735_portd.o(i.ST7735_PlotPoint_PortD) refers to st7735_portd.o(.data) for Ymin_PortD
    st7735_portd.o(i.ST7735_PlotPoints_PortD) refers to st7735_portd.o(i.ST7735_DrawPixel_PortD) for ST7735_DrawPixel_PortD
    st7735_portd.o(i.ST7735_PlotPoints_PortD) refers to st7735_portd.o(.data) for Ymin_PortD
    st7735_portd.o(i.ST7735_PlotdBfs_PortD) refers to st7735_portd.o(i.ST7735_DrawFastVLine_PortD) for ST7735_DrawFastVLine_PortD
    st7735_portd.o(i.ST7735_PlotdBfs_PortD) refers to st7735_portd.o(.constdata) for dBfs_PortD
    st7735_portd.o(i.ST7735_PlotdBfs_PortD) refers to st7735_portd.o(.data) for X_PortD
    st7735_portd.o(i.ST7735_SetCursor_PortD) refers to st7735_portd.o(.data) for StX_PortD
    st7735_portd.o(i.ST7735_SetRotation_PortD) refers to st7735_portd.o(i.writecommand) for writecommand
    st7735_portd.o(i.ST7735_SetRotation_PortD) refers to st7735_portd.o(i.writedata) for writedata
    st7735_portd.o(i.ST7735_SetRotation_PortD) refers to st7735_portd.o(.data) for Rotation
    st7735_portd.o(i.ST7735_SetTextColor_PortD) refers to st7735_portd.o(.data) for StTextColor_PortD
    st7735_portd.o(i.ST7735_SetX_PortD) refers to st7735_portd.o(.data) for X_PortD
    st7735_portd.o(i.ST7735_sDecOut2_PortD) refers to st7735_portd.o(i.ST7735_OutString_PortD) for ST7735_OutString_PortD
    st7735_portd.o(i.ST7735_sDecOut2_PortD) refers to st7735_portd.o(i.ST7735_OutUDec_PortD) for ST7735_OutUDec_PortD
    st7735_portd.o(i.ST7735_uBinOut6_PortD) refers to st7735_portd.o(i.ST7735_OutString_PortD) for ST7735_OutString_PortD
    st7735_portd.o(i.ST7735_uBinOut6_PortD) refers to st7735_portd.o(i.ST7735_OutUDec_PortD) for ST7735_OutUDec_PortD
    st7735_portd.o(i.commandList) refers to st7735_portd.o(i.writecommand) for writecommand
    st7735_portd.o(i.commandList) refers to st7735_portd.o(i.writedata) for writedata
    st7735_portd.o(i.commandList) refers to st7735_portd.o(i.Delay1ms_PortD) for Delay1ms_PortD
    st7735_portd.o(i.commonInit) refers to st7735_portd.o(i.Delay1ms_PortD) for Delay1ms_PortD
    st7735_portd.o(i.commonInit) refers to st7735_portd.o(i.commandList) for commandList
    st7735_portd.o(i.commonInit) refers to st7735_portd.o(.data) for RowStart
    st7735_portd.o(i.fillmessage_PortD) refers to st7735_portd.o(.bss) for Message_PortD
    st7735_portd.o(i.fillmessage_PortD) refers to st7735_portd.o(.data) for Messageindex_PortD
    st7735_portd.o(i.fputc_PortD) refers to st7735_portd.o(i.ST7735_OutChar_PortD) for ST7735_OutChar_PortD
    st7735_portd.o(i.plotLineX_PortD) refers to st7735_portd.o(i.ST7735_DrawPixel_PortD) for ST7735_DrawPixel_PortD
    st7735_portd.o(i.plotLineY_PortD) refers to st7735_portd.o(i.ST7735_DrawPixel_PortD) for ST7735_DrawPixel_PortD
    st7735_portd.o(i.pushColor) refers to st7735_portd.o(i.writedata) for writedata
    st7735_portd.o(i.setAddrWindow) refers to st7735_portd.o(i.writecommand) for writecommand
    st7735_portd.o(i.setAddrWindow) refers to st7735_portd.o(i.writedata) for writedata
    st7735_portd.o(i.setAddrWindow) refers to st7735_portd.o(.data) for ColStart
    launchpad.o(i.LaunchPad_WaitForRelease) refers to launchpad.o(i.DelayMs) for DelayMs
    launchpad.o(i.LaunchPad_WaitForTouch) refers to launchpad.o(i.DelayMs) for DelayMs
    cortexm.o(i.Clock_Delay1ms) refers to cortexm.o(.emb_text) for Clock_Delay
    entry.o(.ARM.Collect$$$$00000000) refers (Special) to entry10a.o(.ARM.Collect$$$$0000000F) for __rt_final_cpp
    entry.o(.ARM.Collect$$$$00000000) refers (Special) to entry11a.o(.ARM.Collect$$$$00000011) for __rt_final_exit
    entry.o(.ARM.Collect$$$$00000000) refers (Special) to entry12b.o(.ARM.Collect$$$$0000000E) for __rt_lib_shutdown_fini
    entry.o(.ARM.Collect$$$$00000000) refers (Special) to entry7b.o(.ARM.Collect$$$$00000008) for _main_clock
    entry.o(.ARM.Collect$$$$00000000) refers (Special) to entry8b.o(.ARM.Collect$$$$0000000A) for _main_cpp_init
    entry.o(.ARM.Collect$$$$00000000) refers (Special) to entry9a.o(.ARM.Collect$$$$0000000B) for _main_init
    entry.o(.ARM.Collect$$$$00000000) refers (Special) to entry5.o(.ARM.Collect$$$$00000004) for _main_scatterload
    entry.o(.ARM.Collect$$$$00000000) refers (Special) to entry2.o(.ARM.Collect$$$$00000001) for _main_stk
    printfb.o(i.__0fprintf$bare) refers to printfb.o(i._printf_core) for _printf_core
    printfb.o(i.__0fprintf$bare) refers to st7735.o(i.fputc) for fputc
    printfb.o(i.__0printf$bare) refers to printfb.o(i._printf_core) for _printf_core
    printfb.o(i.__0printf$bare) refers to st7735.o(i.fputc) for fputc
    printfb.o(i.__0printf$bare) refers to stdout.o(.data) for __stdout
    printfb.o(i.__0snprintf$bare) refers to printfb.o(i._printf_core) for _printf_core
    printfb.o(i.__0snprintf$bare) refers to printfb.o(i._snputc) for _snputc
    printfb.o(i.__0sprintf$bare) refers to printfb.o(i._printf_core) for _printf_core
    printfb.o(i.__0sprintf$bare) refers to printfb.o(i._sputc) for _sputc
    printfb.o(i.__0vfprintf$bare) refers to printfb.o(i._printf_core) for _printf_core
    printfb.o(i.__0vfprintf$bare) refers to st7735.o(i.fputc) for fputc
    printfb.o(i.__0vprintf$bare) refers to printfb.o(i._printf_core) for _printf_core
    printfb.o(i.__0vprintf$bare) refers to st7735.o(i.fputc) for fputc
    printfb.o(i.__0vprintf$bare) refers to stdout.o(.data) for __stdout
    printfb.o(i.__0vsnprintf$bare) refers to printfb.o(i._printf_core) for _printf_core
    printfb.o(i.__0vsnprintf$bare) refers to printfb.o(i._snputc) for _snputc
    printfb.o(i.__0vsprintf$bare) refers to printfb.o(i._printf_core) for _printf_core
    printfb.o(i.__0vsprintf$bare) refers to printfb.o(i._sputc) for _sputc
    printf0.o(i.__0fprintf$0) refers to printf0.o(i._printf_core) for _printf_core
    printf0.o(i.__0fprintf$0) refers to st7735.o(i.fputc) for fputc
    printf0.o(i.__0printf$0) refers to printf0.o(i._printf_core) for _printf_core
    printf0.o(i.__0printf$0) refers to st7735.o(i.fputc) for fputc
    printf0.o(i.__0printf$0) refers to stdout.o(.data) for __stdout
    printf0.o(i.__0snprintf$0) refers to printf0.o(i._printf_core) for _printf_core
    printf0.o(i.__0snprintf$0) refers to printf0.o(i._snputc) for _snputc
    printf0.o(i.__0sprintf$0) refers to printf0.o(i._printf_core) for _printf_core
    printf0.o(i.__0sprintf$0) refers to printf0.o(i._sputc) for _sputc
    printf0.o(i.__0vfprintf$0) refers to printf0.o(i._printf_core) for _printf_core
    printf0.o(i.__0vfprintf$0) refers to st7735.o(i.fputc) for fputc
    printf0.o(i.__0vprintf$0) refers to printf0.o(i._printf_core) for _printf_core
    printf0.o(i.__0vprintf$0) refers to st7735.o(i.fputc) for fputc
    printf0.o(i.__0vprintf$0) refers to stdout.o(.data) for __stdout
    printf0.o(i.__0vsnprintf$0) refers to printf0.o(i._printf_core) for _printf_core
    printf0.o(i.__0vsnprintf$0) refers to printf0.o(i._snputc) for _snputc
    printf0.o(i.__0vsprintf$0) refers to printf0.o(i._printf_core) for _printf_core
    printf0.o(i.__0vsprintf$0) refers to printf0.o(i._sputc) for _sputc
    printf1.o(i.__0fprintf$1) refers to printf1.o(i._printf_core) for _printf_core
    printf1.o(i.__0fprintf$1) refers to st7735.o(i.fputc) for fputc
    printf1.o(i.__0printf$1) refers to printf1.o(i._printf_core) for _printf_core
    printf1.o(i.__0printf$1) refers to st7735.o(i.fputc) for fputc
    printf1.o(i.__0printf$1) refers to stdout.o(.data) for __stdout
    printf1.o(i.__0snprintf$1) refers to printf1.o(i._printf_core) for _printf_core
    printf1.o(i.__0snprintf$1) refers to printf1.o(i._snputc) for _snputc
    printf1.o(i.__0sprintf$1) refers to printf1.o(i._printf_core) for _printf_core
    printf1.o(i.__0sprintf$1) refers to printf1.o(i._sputc) for _sputc
    printf1.o(i.__0vfprintf$1) refers to printf1.o(i._printf_core) for _printf_core
    printf1.o(i.__0vfprintf$1) refers to st7735.o(i.fputc) for fputc
    printf1.o(i.__0vprintf$1) refers to printf1.o(i._printf_core) for _printf_core
    printf1.o(i.__0vprintf$1) refers to st7735.o(i.fputc) for fputc
    printf1.o(i.__0vprintf$1) refers to stdout.o(.data) for __stdout
    printf1.o(i.__0vsnprintf$1) refers to printf1.o(i._printf_core) for _printf_core
    printf1.o(i.__0vsnprintf$1) refers to printf1.o(i._snputc) for _snputc
    printf1.o(i.__0vsprintf$1) refers to printf1.o(i._printf_core) for _printf_core
    printf1.o(i.__0vsprintf$1) refers to printf1.o(i._sputc) for _sputc
    printf1.o(i._printf_core) refers to uidiv.o(.text) for __aeabi_uidivmod
    printf2.o(i.__0fprintf$2) refers to printf2.o(i._printf_core) for _printf_core
    printf2.o(i.__0fprintf$2) refers to st7735.o(i.fputc) for fputc
    printf2.o(i.__0printf$2) refers to printf2.o(i._printf_core) for _printf_core
    printf2.o(i.__0printf$2) refers to st7735.o(i.fputc) for fputc
    printf2.o(i.__0printf$2) refers to stdout.o(.data) for __stdout
    printf2.o(i.__0snprintf$2) refers to printf2.o(i._printf_core) for _printf_core
    printf2.o(i.__0snprintf$2) refers to printf2.o(i._snputc) for _snputc
    printf2.o(i.__0sprintf$2) refers to printf2.o(i._printf_core) for _printf_core
    printf2.o(i.__0sprintf$2) refers to printf2.o(i._sputc) for _sputc
    printf2.o(i.__0vfprintf$2) refers to printf2.o(i._printf_core) for _printf_core
    printf2.o(i.__0vfprintf$2) refers to st7735.o(i.fputc) for fputc
    printf2.o(i.__0vprintf$2) refers to printf2.o(i._printf_core) for _printf_core
    printf2.o(i.__0vprintf$2) refers to st7735.o(i.fputc) for fputc
    printf2.o(i.__0vprintf$2) refers to stdout.o(.data) for __stdout
    printf2.o(i.__0vsnprintf$2) refers to printf2.o(i._printf_core) for _printf_core
    printf2.o(i.__0vsnprintf$2) refers to printf2.o(i._snputc) for _snputc
    printf2.o(i.__0vsprintf$2) refers to printf2.o(i._printf_core) for _printf_core
    printf2.o(i.__0vsprintf$2) refers to printf2.o(i._sputc) for _sputc
    printf3.o(i.__0fprintf$3) refers to printf3.o(i._printf_core) for _printf_core
    printf3.o(i.__0fprintf$3) refers to st7735.o(i.fputc) for fputc
    printf3.o(i.__0printf$3) refers to printf3.o(i._printf_core) for _printf_core
    printf3.o(i.__0printf$3) refers to st7735.o(i.fputc) for fputc
    printf3.o(i.__0printf$3) refers to stdout.o(.data) for __stdout
    printf3.o(i.__0snprintf$3) refers to printf3.o(i._printf_core) for _printf_core
    printf3.o(i.__0snprintf$3) refers to printf3.o(i._snputc) for _snputc
    printf3.o(i.__0sprintf$3) refers to printf3.o(i._printf_core) for _printf_core
    printf3.o(i.__0sprintf$3) refers to printf3.o(i._sputc) for _sputc
    printf3.o(i.__0vfprintf$3) refers to printf3.o(i._printf_core) for _printf_core
    printf3.o(i.__0vfprintf$3) refers to st7735.o(i.fputc) for fputc
    printf3.o(i.__0vprintf$3) refers to printf3.o(i._printf_core) for _printf_core
    printf3.o(i.__0vprintf$3) refers to st7735.o(i.fputc) for fputc
    printf3.o(i.__0vprintf$3) refers to stdout.o(.data) for __stdout
    printf3.o(i.__0vsnprintf$3) refers to printf3.o(i._printf_core) for _printf_core
    printf3.o(i.__0vsnprintf$3) refers to printf3.o(i._snputc) for _snputc
    printf3.o(i.__0vsprintf$3) refers to printf3.o(i._printf_core) for _printf_core
    printf3.o(i.__0vsprintf$3) refers to printf3.o(i._sputc) for _sputc
    printf3.o(i._printf_core) refers to uidiv.o(.text) for __aeabi_uidivmod
    printf4.o(i.__0fprintf$4) refers to printf4.o(i._printf_core) for _printf_core
    printf4.o(i.__0fprintf$4) refers to st7735.o(i.fputc) for fputc
    printf4.o(i.__0printf$4) refers to printf4.o(i._printf_core) for _printf_core
    printf4.o(i.__0printf$4) refers to st7735.o(i.fputc) for fputc
    printf4.o(i.__0printf$4) refers to stdout.o(.data) for __stdout
    printf4.o(i.__0snprintf$4) refers to printf4.o(i._printf_core) for _printf_core
    printf4.o(i.__0snprintf$4) refers to printf4.o(i._snputc) for _snputc
    printf4.o(i.__0sprintf$4) refers to printf4.o(i._printf_core) for _printf_core
    printf4.o(i.__0sprintf$4) refers to printf4.o(i._sputc) for _sputc
    printf4.o(i.__0vfprintf$4) refers to printf4.o(i._printf_core) for _printf_core
    printf4.o(i.__0vfprintf$4) refers to st7735.o(i.fputc) for fputc
    printf4.o(i.__0vprintf$4) refers to printf4.o(i._printf_core) for _printf_core
    printf4.o(i.__0vprintf$4) refers to st7735.o(i.fputc) for fputc
    printf4.o(i.__0vprintf$4) refers to stdout.o(.data) for __stdout
    printf4.o(i.__0vsnprintf$4) refers to printf4.o(i._printf_core) for _printf_core
    printf4.o(i.__0vsnprintf$4) refers to printf4.o(i._snputc) for _snputc
    printf4.o(i.__0vsprintf$4) refers to printf4.o(i._printf_core) for _printf_core
    printf4.o(i.__0vsprintf$4) refers to printf4.o(i._sputc) for _sputc
    printf4.o(i._printf_core) refers to uldiv.o(.text) for __aeabi_uldivmod
    printf5.o(i.__0fprintf$5) refers to printf5.o(i._printf_core) for _printf_core
    printf5.o(i.__0fprintf$5) refers to st7735.o(i.fputc) for fputc
    printf5.o(i.__0printf$5) refers to printf5.o(i._printf_core) for _printf_core
    printf5.o(i.__0printf$5) refers to st7735.o(i.fputc) for fputc
    printf5.o(i.__0printf$5) refers to stdout.o(.data) for __stdout
    printf5.o(i.__0snprintf$5) refers to printf5.o(i._printf_core) for _printf_core
    printf5.o(i.__0snprintf$5) refers to printf5.o(i._snputc) for _snputc
    printf5.o(i.__0sprintf$5) refers to printf5.o(i._printf_core) for _printf_core
    printf5.o(i.__0sprintf$5) refers to printf5.o(i._sputc) for _sputc
    printf5.o(i.__0vfprintf$5) refers to printf5.o(i._printf_core) for _printf_core
    printf5.o(i.__0vfprintf$5) refers to st7735.o(i.fputc) for fputc
    printf5.o(i.__0vprintf$5) refers to printf5.o(i._printf_core) for _printf_core
    printf5.o(i.__0vprintf$5) refers to st7735.o(i.fputc) for fputc
    printf5.o(i.__0vprintf$5) refers to stdout.o(.data) for __stdout
    printf5.o(i.__0vsnprintf$5) refers to printf5.o(i._printf_core) for _printf_core
    printf5.o(i.__0vsnprintf$5) refers to printf5.o(i._snputc) for _snputc
    printf5.o(i.__0vsprintf$5) refers to printf5.o(i._printf_core) for _printf_core
    printf5.o(i.__0vsprintf$5) refers to printf5.o(i._sputc) for _sputc
    printf5.o(i._printf_core) refers to uldiv.o(.text) for __aeabi_uldivmod
    printf6.o(i.__0fprintf$6) refers to printf6.o(i._printf_core) for _printf_core
    printf6.o(i.__0fprintf$6) refers to st7735.o(i.fputc) for fputc
    printf6.o(i.__0printf$6) refers to printf6.o(i._printf_core) for _printf_core
    printf6.o(i.__0printf$6) refers to st7735.o(i.fputc) for fputc
    printf6.o(i.__0printf$6) refers to stdout.o(.data) for __stdout
    printf6.o(i.__0snprintf$6) refers to printf6.o(i._printf_core) for _printf_core
    printf6.o(i.__0snprintf$6) refers to printf6.o(i._snputc) for _snputc
    printf6.o(i.__0sprintf$6) refers to printf6.o(i._printf_core) for _printf_core
    printf6.o(i.__0sprintf$6) refers to printf6.o(i._sputc) for _sputc
    printf6.o(i.__0vfprintf$6) refers to printf6.o(i._printf_core) for _printf_core
    printf6.o(i.__0vfprintf$6) refers to st7735.o(i.fputc) for fputc
    printf6.o(i.__0vprintf$6) refers to printf6.o(i._printf_core) for _printf_core
    printf6.o(i.__0vprintf$6) refers to st7735.o(i.fputc) for fputc
    printf6.o(i.__0vprintf$6) refers to stdout.o(.data) for __stdout
    printf6.o(i.__0vsnprintf$6) refers to printf6.o(i._printf_core) for _printf_core
    printf6.o(i.__0vsnprintf$6) refers to printf6.o(i._snputc) for _snputc
    printf6.o(i.__0vsprintf$6) refers to printf6.o(i._printf_core) for _printf_core
    printf6.o(i.__0vsprintf$6) refers to printf6.o(i._sputc) for _sputc
    printf6.o(i._printf_core) refers to printf6.o(i._printf_pre_padding) for _printf_pre_padding
    printf6.o(i._printf_core) refers to uidiv.o(.text) for __aeabi_uidivmod
    printf6.o(i._printf_core) refers to printf6.o(i._printf_post_padding) for _printf_post_padding
    printf7.o(i.__0fprintf$7) refers to printf7.o(i._printf_core) for _printf_core
    printf7.o(i.__0fprintf$7) refers to st7735.o(i.fputc) for fputc
    printf7.o(i.__0printf$7) refers to printf7.o(i._printf_core) for _printf_core
    printf7.o(i.__0printf$7) refers to st7735.o(i.fputc) for fputc
    printf7.o(i.__0printf$7) refers to stdout.o(.data) for __stdout
    printf7.o(i.__0snprintf$7) refers to printf7.o(i._printf_core) for _printf_core
    printf7.o(i.__0snprintf$7) refers to printf7.o(i._snputc) for _snputc
    printf7.o(i.__0sprintf$7) refers to printf7.o(i._printf_core) for _printf_core
    printf7.o(i.__0sprintf$7) refers to printf7.o(i._sputc) for _sputc
    printf7.o(i.__0vfprintf$7) refers to printf7.o(i._printf_core) for _printf_core
    printf7.o(i.__0vfprintf$7) refers to st7735.o(i.fputc) for fputc
    printf7.o(i.__0vprintf$7) refers to printf7.o(i._printf_core) for _printf_core
    printf7.o(i.__0vprintf$7) refers to st7735.o(i.fputc) for fputc
    printf7.o(i.__0vprintf$7) refers to stdout.o(.data) for __stdout
    printf7.o(i.__0vsnprintf$7) refers to printf7.o(i._printf_core) for _printf_core
    printf7.o(i.__0vsnprintf$7) refers to printf7.o(i._snputc) for _snputc
    printf7.o(i.__0vsprintf$7) refers to printf7.o(i._printf_core) for _printf_core
    printf7.o(i.__0vsprintf$7) refers to printf7.o(i._sputc) for _sputc
    printf7.o(i._printf_core) refers to printf7.o(i._printf_pre_padding) for _printf_pre_padding
    printf7.o(i._printf_core) refers to uldiv.o(.text) for __aeabi_uldivmod
    printf7.o(i._printf_core) refers to printf7.o(i._printf_post_padding) for _printf_post_padding
    printf8.o(i.__0fprintf$8) refers to printf8.o(i._printf_core) for _printf_core
    printf8.o(i.__0fprintf$8) refers to st7735.o(i.fputc) for fputc
    printf8.o(i.__0printf$8) refers to printf8.o(i._printf_core) for _printf_core
    printf8.o(i.__0printf$8) refers to st7735.o(i.fputc) for fputc
    printf8.o(i.__0printf$8) refers to stdout.o(.data) for __stdout
    printf8.o(i.__0snprintf$8) refers to printf8.o(i._printf_core) for _printf_core
    printf8.o(i.__0snprintf$8) refers to printf8.o(i._snputc) for _snputc
    printf8.o(i.__0sprintf$8) refers to printf8.o(i._printf_core) for _printf_core
    printf8.o(i.__0sprintf$8) refers to printf8.o(i._sputc) for _sputc
    printf8.o(i.__0vfprintf$8) refers to printf8.o(i._printf_core) for _printf_core
    printf8.o(i.__0vfprintf$8) refers to st7735.o(i.fputc) for fputc
    printf8.o(i.__0vprintf$8) refers to printf8.o(i._printf_core) for _printf_core
    printf8.o(i.__0vprintf$8) refers to st7735.o(i.fputc) for fputc
    printf8.o(i.__0vprintf$8) refers to stdout.o(.data) for __stdout
    printf8.o(i.__0vsnprintf$8) refers to printf8.o(i._printf_core) for _printf_core
    printf8.o(i.__0vsnprintf$8) refers to printf8.o(i._snputc) for _snputc
    printf8.o(i.__0vsprintf$8) refers to printf8.o(i._printf_core) for _printf_core
    printf8.o(i.__0vsprintf$8) refers to printf8.o(i._sputc) for _sputc
    printf8.o(i._printf_core) refers to printf8.o(i._printf_pre_padding) for _printf_pre_padding
    printf8.o(i._printf_core) refers to uldiv.o(.text) for __aeabi_uldivmod
    printf8.o(i._printf_core) refers to printf8.o(i._printf_post_padding) for _printf_post_padding
    printfa.o(i.__0fprintf) refers (Special) to iusefp.o(.text) for __I$use$fp
    printfa.o(i.__0fprintf) refers to printfa.o(i._printf_core) for _printf_core
    printfa.o(i.__0fprintf) refers to st7735.o(i.fputc) for fputc
    printfa.o(i.__0printf) refers (Special) to iusefp.o(.text) for __I$use$fp
    printfa.o(i.__0printf) refers to printfa.o(i._printf_core) for _printf_core
    printfa.o(i.__0printf) refers to st7735.o(i.fputc) for fputc
    printfa.o(i.__0printf) refers to stdout.o(.data) for __stdout
    printfa.o(i.__0snprintf) refers (Special) to iusefp.o(.text) for __I$use$fp
    printfa.o(i.__0snprintf) refers to printfa.o(i._printf_core) for _printf_core
    printfa.o(i.__0snprintf) refers to printfa.o(i._snputc) for _snputc
    printfa.o(i.__0sprintf) refers (Special) to iusefp.o(.text) for __I$use$fp
    printfa.o(i.__0sprintf) refers to printfa.o(i._printf_core) for _printf_core
    printfa.o(i.__0sprintf) refers to printfa.o(i._sputc) for _sputc
    printfa.o(i.__0vfprintf) refers (Special) to iusefp.o(.text) for __I$use$fp
    printfa.o(i.__0vfprintf) refers to printfa.o(i._printf_core) for _printf_core
    printfa.o(i.__0vfprintf) refers to st7735.o(i.fputc) for fputc
    printfa.o(i.__0vprintf) refers (Special) to iusefp.o(.text) for __I$use$fp
    printfa.o(i.__0vprintf) refers to printfa.o(i._printf_core) for _printf_core
    printfa.o(i.__0vprintf) refers to st7735.o(i.fputc) for fputc
    printfa.o(i.__0vprintf) refers to stdout.o(.data) for __stdout
    printfa.o(i.__0vsnprintf) refers (Special) to iusefp.o(.text) for __I$use$fp
    printfa.o(i.__0vsnprintf) refers to printfa.o(i._printf_core) for _printf_core
    printfa.o(i.__0vsnprintf) refers to printfa.o(i._snputc) for _snputc
    printfa.o(i.__0vsprintf) refers (Special) to iusefp.o(.text) for __I$use$fp
    printfa.o(i.__0vsprintf) refers to printfa.o(i._printf_core) for _printf_core
    printfa.o(i.__0vsprintf) refers to printfa.o(i._sputc) for _sputc
    printfa.o(i._fp_digits) refers (Special) to iusefp.o(.text) for __I$use$fp
    printfa.o(i._fp_digits) refers to dmul.o(.text) for __aeabi_dmul
    printfa.o(i._fp_digits) refers to ddiv.o(.text) for __aeabi_ddiv
    printfa.o(i._fp_digits) refers to cdrcmple.o(.text) for __aeabi_cdrcmple
    printfa.o(i._fp_digits) refers to dadd.o(.text) for __aeabi_dadd
    printfa.o(i._fp_digits) refers to dfixul.o(.text) for __aeabi_d2ulz
    printfa.o(i._fp_digits) refers to uldiv.o(.text) for __aeabi_uldivmod
    printfa.o(i._printf_core) refers (Special) to iusefp.o(.text) for __I$use$fp
    printfa.o(i._printf_core) refers to printfa.o(i._printf_pre_padding) for _printf_pre_padding
    printfa.o(i._printf_core) refers to uldiv.o(.text) for __aeabi_uldivmod
    printfa.o(i._printf_core) refers to printfa.o(i._printf_post_padding) for _printf_post_padding
    printfa.o(i._printf_core) refers to printfa.o(i._fp_digits) for _fp_digits
    printfa.o(i._printf_core) refers to uidiv.o(.text) for __aeabi_uidivmod
    printfa.o(i._printf_post_padding) refers (Special) to iusefp.o(.text) for __I$use$fp
    printfa.o(i._printf_pre_padding) refers (Special) to iusefp.o(.text) for __I$use$fp
    printfa.o(i._snputc) refers (Special) to iusefp.o(.text) for __I$use$fp
    printfa.o(i._sputc) refers (Special) to iusefp.o(.text) for __I$use$fp
    f2d.o(.text) refers (Special) to iusefp.o(.text) for __I$use$fp
    entry2.o(.ARM.Collect$$$$00000001) refers to entry2.o(.ARM.Collect$$$$00002712) for __lit__00000000
    entry2.o(.ARM.Collect$$$$00002712) refers to startup.o(STACK) for __initial_sp
    entry2.o(__vectab_stack_and_reset_area) refers to startup.o(STACK) for __initial_sp
    entry2.o(__vectab_stack_and_reset_area) refers to entry.o(.ARM.Collect$$$$00000000) for __main
    entry5.o(.ARM.Collect$$$$00000004) refers to init.o(.text) for __scatterload
    entry9a.o(.ARM.Collect$$$$0000000B) refers to st7735testmain.o(i.main) for main
    entry9b.o(.ARM.Collect$$$$0000000C) refers to st7735testmain.o(i.main) for main
    uldiv.o(.text) refers to llushr.o(.text) for __aeabi_llsr
    uldiv.o(.text) refers to llshl.o(.text) for __aeabi_llsl
    dadd.o(.text) refers to llshl.o(.text) for __aeabi_llsl
    dadd.o(.text) refers to llsshr.o(.text) for __aeabi_lasr
    dadd.o(.text) refers to depilogue.o(.text) for _double_epilogue
    dmul.o(.text) refers to depilogue.o(.text) for _double_epilogue
    ddiv.o(.text) refers to depilogue.o(.text) for _double_round
    dfixul.o(.text) refers to llushr.o(.text) for __aeabi_llsr
    dfixul.o(.text) refers to llshl.o(.text) for __aeabi_llsl
    init.o(.text) refers to entry5.o(.ARM.Collect$$$$00000004) for __main_after_scatterload
    depilogue.o(.text) refers to llshl.o(.text) for __aeabi_llsl
    depilogue.o(.text) refers to llushr.o(.text) for __aeabi_llsr


==============================================================================

Removing Unused input sections from the image.

    Removing startup.o(HEAP), (0 bytes).
    Removing startup.o(.text), (28 bytes).
    Removing st7735testmain.o(i.Pause), (40 bytes).
    Removing st7735testmain.o(i.ST7735_LanguageTest), (56 bytes).
    Removing st7735testmain.o(i.ST7735_OutPhrase), (44 bytes).
    Removing st7735testmain.o(i.ST7735_PhraseTest), (136 bytes).
    Removing st7735testmain.o(i.drawthecolors), (76 bytes).
    Removing st7735testmain.o(i.main0), (32 bytes).
    Removing st7735testmain.o(i.main2), (2244 bytes).
    Removing st7735testmain.o(i.main3), (154 bytes).
    Removing st7735testmain.o(i.main4), (112 bytes).
    Removing st7735testmain.o(i.main7), (66 bytes).
    Removing st7735testmain.o(i.main8), (112 bytes).
    Removing st7735testmain.o(i.main9), (192 bytes).
    Removing st7735testmain.o(.constdata), (12955 bytes).
    Removing st7735testmain.o(.data), (54 bytes).
    Removing pll.o(i.PLL_Init), (124 bytes).
    Removing st7735.o(i.Output_Clear), (10 bytes).
    Removing st7735.o(i.Output_Off), (8 bytes).
    Removing st7735.o(i.Output_On), (8 bytes).
    Removing st7735.o(i.ST7735_Color565), (24 bytes).
    Removing st7735.o(i.ST7735_DrawBitmap), (292 bytes).
    Removing st7735.o(i.ST7735_DrawChar), (276 bytes).
    Removing st7735.o(i.ST7735_DrawCircle), (172 bytes).
    Removing st7735.o(i.ST7735_DrawFastHLine), (128 bytes).
    Removing st7735.o(i.ST7735_DrawFastVLine), (128 bytes).
    Removing st7735.o(i.ST7735_DrawSmallCircle), (172 bytes).
    Removing st7735.o(i.ST7735_InitB), (40 bytes).
    Removing st7735.o(i.ST7735_InvertDisplay), (26 bytes).
    Removing st7735.o(i.ST7735_Line), (126 bytes).
    Removing st7735.o(i.ST7735_OutString), (22 bytes).
    Removing st7735.o(i.ST7735_OutUDec), (140 bytes).
    Removing st7735.o(i.ST7735_OutUDec4), (140 bytes).
    Removing st7735.o(i.ST7735_OutUDec5), (140 bytes).
    Removing st7735.o(i.ST7735_PlotBar), (88 bytes).
    Removing st7735.o(i.ST7735_PlotClear), (92 bytes).
    Removing st7735.o(i.ST7735_PlotLine), (264 bytes).
    Removing st7735.o(i.ST7735_PlotNext), (32 bytes).
    Removing st7735.o(i.ST7735_PlotNextErase), (64 bytes).
    Removing st7735.o(i.ST7735_PlotPoint), (152 bytes).
    Removing st7735.o(i.ST7735_PlotPoints), (172 bytes).
    Removing st7735.o(i.ST7735_PlotdBfs), (60 bytes).
    Removing st7735.o(i.ST7735_SetRotation), (216 bytes).
    Removing st7735.o(i.ST7735_SetX), (36 bytes).
    Removing st7735.o(i.ST7735_SwapColor), (18 bytes).
    Removing st7735.o(i.ST7735_XYplot), (2 bytes).
    Removing st7735.o(i.ST7735_XYplotInit), (6 bytes).
    Removing st7735.o(i.ST7735_sDecOut2), (304 bytes).
    Removing st7735.o(i.ST7735_uBinOut6), (228 bytes).
    Removing st7735.o(i.ferror), (8 bytes).
    Removing st7735.o(i.fgetc), (6 bytes).
    Removing st7735.o(i.fillmessage), (72 bytes).
    Removing st7735.o(i.fillmessage4), (100 bytes).
    Removing st7735.o(i.fillmessage5), (128 bytes).
    Removing st7735.o(i.plotLineX), (166 bytes).
    Removing st7735.o(i.plotLineY), (164 bytes).
    Removing st7735.o(.bss), (12 bytes).
    Removing st7735_portd.o(i.Delay1ms_PortD), (32 bytes).
    Removing st7735_portd.o(i.Output_Clear_PortD), (10 bytes).
    Removing st7735_portd.o(i.Output_Color_PortD), (12 bytes).
    Removing st7735_portd.o(i.Output_Init_PortD), (16 bytes).
    Removing st7735_portd.o(i.Output_Off_PortD), (8 bytes).
    Removing st7735_portd.o(i.Output_On_PortD), (8 bytes).
    Removing st7735_portd.o(i.ST7735_Color565_PortD), (24 bytes).
    Removing st7735_portd.o(i.ST7735_DrawBitmap_PortD), (288 bytes).
    Removing st7735_portd.o(i.ST7735_DrawCharS_PortD), (248 bytes).
    Removing st7735_portd.o(i.ST7735_DrawChar_PortD), (272 bytes).
    Removing st7735_portd.o(i.ST7735_DrawFastHLine_PortD), (124 bytes).
    Removing st7735_portd.o(i.ST7735_DrawFastVLine_PortD), (124 bytes).
    Removing st7735_portd.o(i.ST7735_DrawPixel_PortD), (72 bytes).
    Removing st7735_portd.o(i.ST7735_DrawString_PortD), (84 bytes).
    Removing st7735_portd.o(i.ST7735_FillRect_PortD), (172 bytes).
    Removing st7735_portd.o(i.ST7735_FillScreen_PortD), (36 bytes).
    Removing st7735_portd.o(i.ST7735_InitB_PortD), (40 bytes).
    Removing st7735_portd.o(i.ST7735_InitR_PortD), (124 bytes).
    Removing st7735_portd.o(i.ST7735_InvertDisplay_PortD), (22 bytes).
    Removing st7735_portd.o(i.ST7735_Line_PortD), (126 bytes).
    Removing st7735_portd.o(i.ST7735_OutChar_PortD), (216 bytes).
    Removing st7735_portd.o(i.ST7735_OutString_PortD), (22 bytes).
    Removing st7735_portd.o(i.ST7735_OutUDec_PortD), (140 bytes).
    Removing st7735_portd.o(i.ST7735_PlotBar_PortD), (88 bytes).
    Removing st7735_portd.o(i.ST7735_PlotClear_PortD), (92 bytes).
    Removing st7735_portd.o(i.ST7735_PlotLine_PortD), (264 bytes).
    Removing st7735_portd.o(i.ST7735_PlotNextErase_PortD), (64 bytes).
    Removing st7735_portd.o(i.ST7735_PlotNext_PortD), (32 bytes).
    Removing st7735_portd.o(i.ST7735_PlotPoint_PortD), (152 bytes).
    Removing st7735_portd.o(i.ST7735_PlotPoints_PortD), (172 bytes).
    Removing st7735_portd.o(i.ST7735_PlotdBfs_PortD), (60 bytes).
    Removing st7735_portd.o(i.ST7735_SetCursor_PortD), (32 bytes).
    Removing st7735_portd.o(i.ST7735_SetRotation_PortD), (212 bytes).
    Removing st7735_portd.o(i.ST7735_SetTextColor_PortD), (12 bytes).
    Removing st7735_portd.o(i.ST7735_SetX_PortD), (36 bytes).
    Removing st7735_portd.o(i.ST7735_SwapColor_PortD), (18 bytes).
    Removing st7735_portd.o(i.ST7735_XYplotInit_PortD), (6 bytes).
    Removing st7735_portd.o(i.ST7735_XYplot_PortD), (2 bytes).
    Removing st7735_portd.o(i.ST7735_sDecOut2_PortD), (304 bytes).
    Removing st7735_portd.o(i.ST7735_uBinOut6_PortD), (228 bytes).
    Removing st7735_portd.o(i.commandList), (86 bytes).
    Removing st7735_portd.o(i.commonInit), (412 bytes).
    Removing st7735_portd.o(i.fgetc_PortD), (6 bytes).
    Removing st7735_portd.o(i.fillmessage_PortD), (72 bytes).
    Removing st7735_portd.o(i.fputc_PortD), (16 bytes).
    Removing st7735_portd.o(i.plotLineX_PortD), (166 bytes).
    Removing st7735_portd.o(i.plotLineY_PortD), (164 bytes).
    Removing st7735_portd.o(i.pushColor), (18 bytes).
    Removing st7735_portd.o(i.setAddrWindow), (116 bytes).
    Removing st7735_portd.o(i.writecommand), (48 bytes).
    Removing st7735_portd.o(i.writedata), (36 bytes).
    Removing st7735_portd.o(.bss), (12 bytes).
    Removing st7735_portd.o(.constdata), (2018 bytes).
    Removing st7735_portd.o(.data), (44 bytes).
    Removing launchpad.o(i.DelayMs), (32 bytes).
    Removing launchpad.o(i.LaunchPad_Init), (92 bytes).
    Removing launchpad.o(i.LaunchPad_Input), (24 bytes).
    Removing launchpad.o(i.LaunchPad_Output), (12 bytes).
    Removing launchpad.o(i.LaunchPad_WaitForRelease), (56 bytes).
    Removing launchpad.o(i.LaunchPad_WaitForTouch), (32 bytes).
    Removing cortexm.o(.emb_text), (6 bytes).
    Removing cortexm.o(i.Clock_Delay1ms), (22 bytes).

119 unused section(s) (total 28151 bytes) removed from the image.

==============================================================================

Image Symbol Table

    Local Symbols

    Symbol Name                              Value     Ov Type        Size  Object(Section)

    RESET                                    0x00000000   Section      644  startup.o(RESET)
    ../clib/microlib/division.c              0x00000000   Number         0  uidiv.o ABSOLUTE
    ../clib/microlib/division.c              0x00000000   Number         0  uldiv.o ABSOLUTE
    ../clib/microlib/init/entry.s            0x00000000   Number         0  entry10b.o ABSOLUTE
    ../clib/microlib/init/entry.s            0x00000000   Number         0  entry11a.o ABSOLUTE
    ../clib/microlib/init/entry.s            0x00000000   Number         0  entry11b.o ABSOLUTE
    ../clib/microlib/init/entry.s            0x00000000   Number         0  entry12b.o ABSOLUTE
    ../clib/microlib/init/entry.s            0x00000000   Number         0  entry.o ABSOLUTE
    ../clib/microlib/init/entry.s            0x00000000   Number         0  entry12a.o ABSOLUTE
    ../clib/microlib/init/entry.s            0x00000000   Number         0  entry2.o ABSOLUTE
    ../clib/microlib/init/entry.s            0x00000000   Number         0  entry5.o ABSOLUTE
    ../clib/microlib/init/entry.s            0x00000000   Number         0  entry7a.o ABSOLUTE
    ../clib/microlib/init/entry.s            0x00000000   Number         0  entry7b.o ABSOLUTE
    ../clib/microlib/init/entry.s            0x00000000   Number         0  entry8a.o ABSOLUTE
    ../clib/microlib/init/entry.s            0x00000000   Number         0  entry8b.o ABSOLUTE
    ../clib/microlib/init/entry.s            0x00000000   Number         0  entry9a.o ABSOLUTE
    ../clib/microlib/init/entry.s            0x00000000   Number         0  entry9b.o ABSOLUTE
    ../clib/microlib/init/entry.s            0x00000000   Number         0  entry10a.o ABSOLUTE
    ../clib/microlib/longlong.c              0x00000000   Number         0  llsshr.o ABSOLUTE
    ../clib/microlib/longlong.c              0x00000000   Number         0  llushr.o ABSOLUTE
    ../clib/microlib/longlong.c              0x00000000   Number         0  llshl.o ABSOLUTE
    ../clib/microlib/printf/printf.c         0x00000000   Number         0  printf0.o ABSOLUTE
    ../clib/microlib/printf/printf.c         0x00000000   Number         0  printf7.o ABSOLUTE
    ../clib/microlib/printf/printf.c         0x00000000   Number         0  printf8.o ABSOLUTE
    ../clib/microlib/printf/printf.c         0x00000000   Number         0  printfa.o ABSOLUTE
    ../clib/microlib/printf/printf.c         0x00000000   Number         0  printfb.o ABSOLUTE
    ../clib/microlib/printf/printf.c         0x00000000   Number         0  printf4.o ABSOLUTE
    ../clib/microlib/printf/printf.c         0x00000000   Number         0  printf1.o ABSOLUTE
    ../clib/microlib/printf/printf.c         0x00000000   Number         0  printf2.o ABSOLUTE
    ../clib/microlib/printf/printf.c         0x00000000   Number         0  printf3.o ABSOLUTE
    ../clib/microlib/printf/printf.c         0x00000000   Number         0  printf5.o ABSOLUTE
    ../clib/microlib/printf/printf.c         0x00000000   Number         0  printf6.o ABSOLUTE
    ../clib/microlib/printf/stubs.s          0x00000000   Number         0  stubs.o ABSOLUTE
    ../clib/microlib/stdio/streams.c         0x00000000   Number         0  stdout.o ABSOLUTE
    ../clib/microlib/stubs.s                 0x00000000   Number         0  iusefp.o ABSOLUTE
    ../fplib/microlib/f2d.c                  0x00000000   Number         0  f2d.o ABSOLUTE
    ../fplib/microlib/fpadd.c                0x00000000   Number         0  dadd.o ABSOLUTE
    ../fplib/microlib/fpdiv.c                0x00000000   Number         0  ddiv.o ABSOLUTE
    ../fplib/microlib/fpepilogue.c           0x00000000   Number         0  depilogue.o ABSOLUTE
    ../fplib/microlib/fpfix.c                0x00000000   Number         0  dfixul.o ABSOLUTE
    ../fplib/microlib/fpmul.c                0x00000000   Number         0  dmul.o ABSOLUTE
    ..\\inc\\CortexM.c                       0x00000000   Number         0  cortexm.o ABSOLUTE
    ..\inc\CortexM.c                         0x00000000   Number         0  cortexm.o ABSOLUTE
    ..\inc\LaunchPad.c                       0x00000000   Number         0  launchpad.o ABSOLUTE
    ..\inc\PLL.c                             0x00000000   Number         0  pll.o ABSOLUTE
    ..\inc\ST7735.c                          0x00000000   Number         0  st7735.o ABSOLUTE
    ..\inc\ST7735_PortD.c                    0x00000000   Number         0  st7735_portd.o ABSOLUTE
    ST7735TestMain.c                         0x00000000   Number         0  st7735testmain.o ABSOLUTE
    cdrcmple.s                               0x00000000   Number         0  cdrcmple.o ABSOLUTE
    dc.s                                     0x00000000   Number         0  dc.o ABSOLUTE
    handlers.s                               0x00000000   Number         0  handlers.o ABSOLUTE
    init.s                                   0x00000000   Number         0  init.o ABSOLUTE
    startup.s                                0x00000000   Number         0  startup.o ABSOLUTE
    .ARM.Collect$$$$00000000                 0x00000284   Section        0  entry.o(.ARM.Collect$$$$00000000)
    .ARM.Collect$$$$00000001                 0x00000284   Section        4  entry2.o(.ARM.Collect$$$$00000001)
    .ARM.Collect$$$$00000004                 0x00000288   Section        4  entry5.o(.ARM.Collect$$$$00000004)
    .ARM.Collect$$$$00000008                 0x0000028c   Section        0  entry7b.o(.ARM.Collect$$$$00000008)
    .ARM.Collect$$$$0000000A                 0x0000028c   Section        0  entry8b.o(.ARM.Collect$$$$0000000A)
    .ARM.Collect$$$$0000000B                 0x0000028c   Section        8  entry9a.o(.ARM.Collect$$$$0000000B)
    .ARM.Collect$$$$0000000E                 0x00000294   Section        4  entry12b.o(.ARM.Collect$$$$0000000E)
    .ARM.Collect$$$$0000000F                 0x00000298   Section        0  entry10a.o(.ARM.Collect$$$$0000000F)
    .ARM.Collect$$$$00000011                 0x00000298   Section        0  entry11a.o(.ARM.Collect$$$$00000011)
    .ARM.Collect$$$$00002712                 0x00000298   Section        4  entry2.o(.ARM.Collect$$$$00002712)
    __lit__00000000                          0x00000298   Data           4  entry2.o(.ARM.Collect$$$$00002712)
    .text                                    0x0000029c   Section        0  f2d.o(.text)
    .text                                    0x000002c2   Section        0  uidiv.o(.text)
    .text                                    0x000002ee   Section        0  uldiv.o(.text)
    .text                                    0x00000350   Section        0  iusefp.o(.text)
    .text                                    0x00000350   Section        0  dadd.o(.text)
    .text                                    0x0000049e   Section        0  dmul.o(.text)
    .text                                    0x00000582   Section        0  ddiv.o(.text)
    .text                                    0x00000660   Section        0  dfixul.o(.text)
    .text                                    0x00000690   Section       48  cdrcmple.o(.text)
    .text                                    0x000006c0   Section       36  init.o(.text)
    .text                                    0x000006e4   Section        0  llshl.o(.text)
    .text                                    0x00000702   Section        0  llushr.o(.text)
    .text                                    0x00000722   Section        0  llsshr.o(.text)
    .text                                    0x00000746   Section        0  depilogue.o(.text)
    i.BookExamples                           0x00000800   Section        0  st7735testmain.o(i.BookExamples)
    i.Delay1ms                               0x00000934   Section        0  st7735.o(i.Delay1ms)
    i.Output_Color                           0x00000954   Section        0  st7735.o(i.Output_Color)
    i.Output_Init                            0x00000960   Section        0  st7735.o(i.Output_Init)
    i.ST7735_DrawCharS                       0x00000970   Section        0  st7735.o(i.ST7735_DrawCharS)
    i.ST7735_DrawPixel                       0x00000a68   Section        0  st7735.o(i.ST7735_DrawPixel)
    i.ST7735_DrawString                      0x00000ab4   Section        0  st7735.o(i.ST7735_DrawString)
    i.ST7735_FillRect                        0x00000b08   Section        0  st7735.o(i.ST7735_FillRect)
    i.ST7735_FillScreen                      0x00000bb8   Section        0  st7735.o(i.ST7735_FillScreen)
    i.ST7735_InitR                           0x00000bdc   Section        0  st7735.o(i.ST7735_InitR)
    i.ST7735_OutChar                         0x00000c58   Section        0  st7735.o(i.ST7735_OutChar)
    i.ST7735_SetCursor                       0x00000d2c   Section        0  st7735.o(i.ST7735_SetCursor)
    i.ST7735_SetTextColor                    0x00000d4c   Section        0  st7735.o(i.ST7735_SetTextColor)
    i.__0printf                              0x00000d58   Section        0  printfa.o(i.__0printf)
    i.__scatterload_copy                     0x00000d78   Section       14  handlers.o(i.__scatterload_copy)
    i.__scatterload_null                     0x00000d86   Section        2  handlers.o(i.__scatterload_null)
    i.__scatterload_zeroinit                 0x00000d88   Section       14  handlers.o(i.__scatterload_zeroinit)
    i._fp_digits                             0x00000d98   Section        0  printfa.o(i._fp_digits)
    _fp_digits                               0x00000d99   Thumb Code   366  printfa.o(i._fp_digits)
    i._printf_core                           0x00000f1c   Section        0  printfa.o(i._printf_core)
    _printf_core                             0x00000f1d   Thumb Code  1704  printfa.o(i._printf_core)
    i._printf_post_padding                   0x000015d0   Section        0  printfa.o(i._printf_post_padding)
    _printf_post_padding                     0x000015d1   Thumb Code    36  printfa.o(i._printf_post_padding)
    i._printf_pre_padding                    0x000015f4   Section        0  printfa.o(i._printf_pre_padding)
    _printf_pre_padding                      0x000015f5   Thumb Code    46  printfa.o(i._printf_pre_padding)
    i.commandList                            0x00001622   Section        0  st7735.o(i.commandList)
    commandList                              0x00001623   Thumb Code    86  st7735.o(i.commandList)
    i.commonInit                             0x00001678   Section        0  st7735.o(i.commonInit)
    commonInit                               0x00001679   Thumb Code   342  st7735.o(i.commonInit)
    i.deselect                               0x00001800   Section        0  st7735.o(i.deselect)
    deselect                                 0x00001801   Thumb Code    24  st7735.o(i.deselect)
    i.fputc                                  0x0000181c   Section        0  st7735.o(i.fputc)
    i.main                                   0x0000182c   Section        0  st7735testmain.o(i.main)
    i.pushColor                              0x0000186c   Section        0  st7735.o(i.pushColor)
    pushColor                                0x0000186d   Thumb Code    18  st7735.o(i.pushColor)
    i.setAddrWindow                          0x00001880   Section        0  st7735.o(i.setAddrWindow)
    setAddrWindow                            0x00001881   Thumb Code   106  st7735.o(i.setAddrWindow)
    i.writecommand                           0x000018f4   Section        0  st7735.o(i.writecommand)
    writecommand                             0x000018f5   Thumb Code    46  st7735.o(i.writecommand)
    i.writedata                              0x0000192c   Section        0  st7735.o(i.writedata)
    writedata                                0x0000192d   Thumb Code    26  st7735.o(i.writedata)
    .constdata                               0x00001950   Section     2114  st7735.o(.constdata)
    Font                                     0x00001950   Data        1275  st7735.o(.constdata)
    Bcmd                                     0x00001e4b   Data         103  st7735.o(.constdata)
    Rcmd1                                    0x00001eb2   Data          59  st7735.o(.constdata)
    Rcmd2green                               0x00001eed   Data          13  st7735.o(.constdata)
    Rcmd2red                                 0x00001efa   Data          13  st7735.o(.constdata)
    Rcmd3                                    0x00001f07   Data          43  st7735.o(.constdata)
    .data                                    0x20000000   Section       44  st7735.o(.data)
    ColStart                                 0x2000000a   Data           1  st7735.o(.data)
    RowStart                                 0x2000000b   Data           1  st7735.o(.data)
    Rotation                                 0x2000000c   Data           1  st7735.o(.data)
    TabColor                                 0x2000000d   Data           1  st7735.o(.data)
    _width                                   0x2000000e   Data           2  st7735.o(.data)
    _height                                  0x20000010   Data           2  st7735.o(.data)
    .data                                    0x2000002c   Section        4  stdout.o(.data)
    STACK                                    0x20000030   Section     1024  startup.o(STACK)
    StackMem                                 0x20000030   Data           0  startup.o(STACK)

    Global Symbols

    Symbol Name                              Value     Ov Type        Size  Object(Section)

    BuildAttributes$$THM_ISAv4$E$P$D$K$B$S$7EM$PE$A:L22UL41UL21$X:L11$S22US41US21$IEEE1$IW$USESV6$~STKCKD$USESV7$~SHL$OSPACE$ROPI$EBA8$MICROLIB$REQ8$PRES8$EABIv2 0x00000000   Number         0  anon$$obj.o ABSOLUTE
    __ARM_use_no_argv                        0x00000000   Number         0  st7735testmain.o ABSOLUTE
    __Vectors                                0x00000000   Data           0  startup.o(RESET)
    _printf_a                                0x00000000   Number         0  stubs.o ABSOLUTE
    _printf_c                                0x00000000   Number         0  stubs.o ABSOLUTE
    _printf_charcount                        0x00000000   Number         0  stubs.o ABSOLUTE
    _printf_d                                0x00000000   Number         0  stubs.o ABSOLUTE
    _printf_e                                0x00000000   Number         0  stubs.o ABSOLUTE
    _printf_f                                0x00000000   Number         0  stubs.o ABSOLUTE
    _printf_flags                            0x00000000   Number         0  stubs.o ABSOLUTE
    _printf_fp_dec                           0x00000000   Number         0  stubs.o ABSOLUTE
    _printf_fp_hex                           0x00000000   Number         0  stubs.o ABSOLUTE
    _printf_g                                0x00000000   Number         0  stubs.o ABSOLUTE
    _printf_i                                0x00000000   Number         0  stubs.o ABSOLUTE
    _printf_int_dec                          0x00000000   Number         0  stubs.o ABSOLUTE
    _printf_l                                0x00000000   Number         0  stubs.o ABSOLUTE
    _printf_lc                               0x00000000   Number         0  stubs.o ABSOLUTE
    _printf_ll                               0x00000000   Number         0  stubs.o ABSOLUTE
    _printf_lld                              0x00000000   Number         0  stubs.o ABSOLUTE
    _printf_lli                              0x00000000   Number         0  stubs.o ABSOLUTE
    _printf_llo                              0x00000000   Number         0  stubs.o ABSOLUTE
    _printf_llu                              0x00000000   Number         0  stubs.o ABSOLUTE
    _printf_llx                              0x00000000   Number         0  stubs.o ABSOLUTE
    _printf_longlong_dec                     0x00000000   Number         0  stubs.o ABSOLUTE
    _printf_longlong_hex                     0x00000000   Number         0  stubs.o ABSOLUTE
    _printf_longlong_oct                     0x00000000   Number         0  stubs.o ABSOLUTE
    _printf_ls                               0x00000000   Number         0  stubs.o ABSOLUTE
    _printf_mbtowc                           0x00000000   Number         0  stubs.o ABSOLUTE
    _printf_n                                0x00000000   Number         0  stubs.o ABSOLUTE
    _printf_o                                0x00000000   Number         0  stubs.o ABSOLUTE
    _printf_p                                0x00000000   Number         0  stubs.o ABSOLUTE
    _printf_percent                          0x00000000   Number         0  stubs.o ABSOLUTE
    _printf_pre_padding                      0x00000000   Number         0  stubs.o ABSOLUTE
    _printf_return_value                     0x00000000   Number         0  stubs.o ABSOLUTE
    _printf_s                                0x00000000   Number         0  stubs.o ABSOLUTE
    _printf_sizespec                         0x00000000   Number         0  stubs.o ABSOLUTE
    _printf_str                              0x00000000   Number         0  stubs.o ABSOLUTE
    _printf_truncate_signed                  0x00000000   Number         0  stubs.o ABSOLUTE
    _printf_truncate_unsigned                0x00000000   Number         0  stubs.o ABSOLUTE
    _printf_u                                0x00000000   Number         0  stubs.o ABSOLUTE
    _printf_wc                               0x00000000   Number         0  stubs.o ABSOLUTE
    _printf_wctomb                           0x00000000   Number         0  stubs.o ABSOLUTE
    _printf_widthprec                        0x00000000   Number         0  stubs.o ABSOLUTE
    _printf_x                                0x00000000   Number         0  stubs.o ABSOLUTE
    __arm_fini_                               - Undefined Weak Reference
    __cpp_initialize__aeabi_                  - Undefined Weak Reference
    __cxa_finalize                            - Undefined Weak Reference
    __decompress                              - Undefined Weak Reference
    _clock_init                               - Undefined Weak Reference
    _microlib_exit                            - Undefined Weak Reference
    Reset_Handler                            0x0000026d   Thumb Code     0  startup.o(RESET)
    NMI_Handler                              0x00000271   Thumb Code     2  startup.o(RESET)
    HardFault_Handler                        0x00000273   Thumb Code     2  startup.o(RESET)
    MemManage_Handler                        0x00000275   Thumb Code     2  startup.o(RESET)
    BusFault_Handler                         0x00000277   Thumb Code     2  startup.o(RESET)
    UsageFault_Handler                       0x00000279   Thumb Code     2  startup.o(RESET)
    SVC_Handler                              0x0000027b   Thumb Code     2  startup.o(RESET)
    DebugMon_Handler                         0x0000027d   Thumb Code     2  startup.o(RESET)
    PendSV_Handler                           0x0000027f   Thumb Code     2  startup.o(RESET)
    SysTick_Handler                          0x00000281   Thumb Code     2  startup.o(RESET)
    ADC0Seq0_Handler                         0x00000283   Thumb Code     0  startup.o(RESET)
    ADC0Seq1_Handler                         0x00000283   Thumb Code     0  startup.o(RESET)
    ADC0Seq2_Handler                         0x00000283   Thumb Code     0  startup.o(RESET)
    ADC0Seq3_Handler                         0x00000283   Thumb Code     0  startup.o(RESET)
    ADC1Seq0_Handler                         0x00000283   Thumb Code     0  startup.o(RESET)
    ADC1Seq1_Handler                         0x00000283   Thumb Code     0  startup.o(RESET)
    ADC1Seq2_Handler                         0x00000283   Thumb Code     0  startup.o(RESET)
    ADC1Seq3_Handler                         0x00000283   Thumb Code     0  startup.o(RESET)
    CAN0_Handler                             0x00000283   Thumb Code     0  startup.o(RESET)
    CAN1_Handler                             0x00000283   Thumb Code     0  startup.o(RESET)
    CAN2_Handler                             0x00000283   Thumb Code     0  startup.o(RESET)
    Comp0_Handler                            0x00000283   Thumb Code     0  startup.o(RESET)
    Comp1_Handler                            0x00000283   Thumb Code     0  startup.o(RESET)
    Comp2_Handler                            0x00000283   Thumb Code     0  startup.o(RESET)
    Ethernet_Handler                         0x00000283   Thumb Code     0  startup.o(RESET)
    ExtBus_Handler                           0x00000283   Thumb Code     0  startup.o(RESET)
    FPU_Handler                              0x00000283   Thumb Code     0  startup.o(RESET)
    Fan0_Handler                             0x00000283   Thumb Code     0  startup.o(RESET)
    FlashCtl_Handler                         0x00000283   Thumb Code     0  startup.o(RESET)
    GPIOPortA_Handler                        0x00000283   Thumb Code     0  startup.o(RESET)
    GPIOPortB_Handler                        0x00000283   Thumb Code     0  startup.o(RESET)
    GPIOPortC_Handler                        0x00000283   Thumb Code     0  startup.o(RESET)
    GPIOPortD_Handler                        0x00000283   Thumb Code     0  startup.o(RESET)
    GPIOPortE_Handler                        0x00000283   Thumb Code     0  startup.o(RESET)
    GPIOPortF_Handler                        0x00000283   Thumb Code     0  startup.o(RESET)
    GPIOPortG_Handler                        0x00000283   Thumb Code     0  startup.o(RESET)
    GPIOPortH_Handler                        0x00000283   Thumb Code     0  startup.o(RESET)
    GPIOPortJ_Handler                        0x00000283   Thumb Code     0  startup.o(RESET)
    GPIOPortK_Handler                        0x00000283   Thumb Code     0  startup.o(RESET)
    GPIOPortL_Handler                        0x00000283   Thumb Code     0  startup.o(RESET)
    GPIOPortM_Handler                        0x00000283   Thumb Code     0  startup.o(RESET)
    GPIOPortN_Handler                        0x00000283   Thumb Code     0  startup.o(RESET)
    GPIOPortP1_Handler                       0x00000283   Thumb Code     0  startup.o(RESET)
    GPIOPortP2_Handler                       0x00000283   Thumb Code     0  startup.o(RESET)
    GPIOPortP3_Handler                       0x00000283   Thumb Code     0  startup.o(RESET)
    GPIOPortP4_Handler                       0x00000283   Thumb Code     0  startup.o(RESET)
    GPIOPortP5_Handler                       0x00000283   Thumb Code     0  startup.o(RESET)
    GPIOPortP6_Handler                       0x00000283   Thumb Code     0  startup.o(RESET)
    GPIOPortP7_Handler                       0x00000283   Thumb Code     0  startup.o(RESET)
    GPIOPortP_Handler                        0x00000283   Thumb Code     0  startup.o(RESET)
    GPIOPortQ1_Handler                       0x00000283   Thumb Code     0  startup.o(RESET)
    GPIOPortQ2_Handler                       0x00000283   Thumb Code     0  startup.o(RESET)
    GPIOPortQ3_Handler                       0x00000283   Thumb Code     0  startup.o(RESET)
    GPIOPortQ4_Handler                       0x00000283   Thumb Code     0  startup.o(RESET)
    GPIOPortQ5_Handler                       0x00000283   Thumb Code     0  startup.o(RESET)
    GPIOPortQ6_Handler                       0x00000283   Thumb Code     0  startup.o(RESET)
    GPIOPortQ7_Handler                       0x00000283   Thumb Code     0  startup.o(RESET)
    GPIOPortQ_Handler                        0x00000283   Thumb Code     0  startup.o(RESET)
    GPIOPortR_Handler                        0x00000283   Thumb Code     0  startup.o(RESET)
    GPIOPortS_Handler                        0x00000283   Thumb Code     0  startup.o(RESET)
    Hibernate_Handler                        0x00000283   Thumb Code     0  startup.o(RESET)
    I2C0_Handler                             0x00000283   Thumb Code     0  startup.o(RESET)
    I2C1_Handler                             0x00000283   Thumb Code     0  startup.o(RESET)
    I2C2_Handler                             0x00000283   Thumb Code     0  startup.o(RESET)
    I2C3_Handler                             0x00000283   Thumb Code     0  startup.o(RESET)
    I2C4_Handler                             0x00000283   Thumb Code     0  startup.o(RESET)
    I2C5_Handler                             0x00000283   Thumb Code     0  startup.o(RESET)
    I2S0_Handler                             0x00000283   Thumb Code     0  startup.o(RESET)
    LPC0_Handler                             0x00000283   Thumb Code     0  startup.o(RESET)
    PECI0_Handler                            0x00000283   Thumb Code     0  startup.o(RESET)
    PWM0Fault_Handler                        0x00000283   Thumb Code     0  startup.o(RESET)
    PWM0Generator0_Handler                   0x00000283   Thumb Code     0  startup.o(RESET)
    PWM0Generator1_Handler                   0x00000283   Thumb Code     0  startup.o(RESET)
    PWM0Generator2_Handler                   0x00000283   Thumb Code     0  startup.o(RESET)
    PWM0Generator3_Handler                   0x00000283   Thumb Code     0  startup.o(RESET)
    PWM1Fault_Handler                        0x00000283   Thumb Code     0  startup.o(RESET)
    PWM1Generator0_Handler                   0x00000283   Thumb Code     0  startup.o(RESET)
    PWM1Generator1_Handler                   0x00000283   Thumb Code     0  startup.o(RESET)
    PWM1Generator2_Handler                   0x00000283   Thumb Code     0  startup.o(RESET)
    PWM1Generator3_Handler                   0x00000283   Thumb Code     0  startup.o(RESET)
    Quadrature0_Handler                      0x00000283   Thumb Code     0  startup.o(RESET)
    Quadrature1_Handler                      0x00000283   Thumb Code     0  startup.o(RESET)
    Quadrature2_Handler                      0x00000283   Thumb Code     0  startup.o(RESET)
    SSI0_Handler                             0x00000283   Thumb Code     0  startup.o(RESET)
    SSI1_Handler                             0x00000283   Thumb Code     0  startup.o(RESET)
    SSI2_Handler                             0x00000283   Thumb Code     0  startup.o(RESET)
    SSI3_Handler                             0x00000283   Thumb Code     0  startup.o(RESET)
    SysCtl_Handler                           0x00000283   Thumb Code     0  startup.o(RESET)
    Timer0A_Handler                          0x00000283   Thumb Code     0  startup.o(RESET)
    Timer0B_Handler                          0x00000283   Thumb Code     0  startup.o(RESET)
    Timer1A_Handler                          0x00000283   Thumb Code     0  startup.o(RESET)
    Timer1B_Handler                          0x00000283   Thumb Code     0  startup.o(RESET)
    Timer2A_Handler                          0x00000283   Thumb Code     0  startup.o(RESET)
    Timer2B_Handler                          0x00000283   Thumb Code     0  startup.o(RESET)
    Timer3A_Handler                          0x00000283   Thumb Code     0  startup.o(RESET)
    Timer3B_Handler                          0x00000283   Thumb Code     0  startup.o(RESET)
    Timer4A_Handler                          0x00000283   Thumb Code     0  startup.o(RESET)
    Timer4B_Handler                          0x00000283   Thumb Code     0  startup.o(RESET)
    Timer5A_Handler                          0x00000283   Thumb Code     0  startup.o(RESET)
    Timer5B_Handler                          0x00000283   Thumb Code     0  startup.o(RESET)
    UART0_Handler                            0x00000283   Thumb Code     0  startup.o(RESET)
    UART1_Handler                            0x00000283   Thumb Code     0  startup.o(RESET)
    UART2_Handler                            0x00000283   Thumb Code     0  startup.o(RESET)
    UART3_Handler                            0x00000283   Thumb Code     0  startup.o(RESET)
    UART4_Handler                            0x00000283   Thumb Code     0  startup.o(RESET)
    UART5_Handler                            0x00000283   Thumb Code     0  startup.o(RESET)
    UART6_Handler                            0x00000283   Thumb Code     0  startup.o(RESET)
    UART7_Handler                            0x00000283   Thumb Code     0  startup.o(RESET)
    USB0_Handler                             0x00000283   Thumb Code     0  startup.o(RESET)
    WDT_Handler                              0x00000283   Thumb Code     0  startup.o(RESET)
    WideTimer0A_Handler                      0x00000283   Thumb Code     0  startup.o(RESET)
    WideTimer0B_Handler                      0x00000283   Thumb Code     0  startup.o(RESET)
    WideTimer1A_Handler                      0x00000283   Thumb Code     0  startup.o(RESET)
    WideTimer1B_Handler                      0x00000283   Thumb Code     0  startup.o(RESET)
    WideTimer2A_Handler                      0x00000283   Thumb Code     0  startup.o(RESET)
    WideTimer2B_Handler                      0x00000283   Thumb Code     0  startup.o(RESET)
    WideTimer3A_Handler                      0x00000283   Thumb Code     0  startup.o(RESET)
    WideTimer3B_Handler                      0x00000283   Thumb Code     0  startup.o(RESET)
    WideTimer4A_Handler                      0x00000283   Thumb Code     0  startup.o(RESET)
    WideTimer4B_Handler                      0x00000283   Thumb Code     0  startup.o(RESET)
    WideTimer5A_Handler                      0x00000283   Thumb Code     0  startup.o(RESET)
    WideTimer5B_Handler                      0x00000283   Thumb Code     0  startup.o(RESET)
    uDMA_Error                               0x00000283   Thumb Code     0  startup.o(RESET)
    uDMA_Handler                             0x00000283   Thumb Code     0  startup.o(RESET)
    __main                                   0x00000285   Thumb Code     0  entry.o(.ARM.Collect$$$$00000000)
    _main_stk                                0x00000285   Thumb Code     0  entry2.o(.ARM.Collect$$$$00000001)
    _main_scatterload                        0x00000289   Thumb Code     0  entry5.o(.ARM.Collect$$$$00000004)
    __main_after_scatterload                 0x0000028d   Thumb Code     0  entry5.o(.ARM.Collect$$$$00000004)
    _main_clock                              0x0000028d   Thumb Code     0  entry7b.o(.ARM.Collect$$$$00000008)
    _main_cpp_init                           0x0000028d   Thumb Code     0  entry8b.o(.ARM.Collect$$$$0000000A)
    _main_init                               0x0000028d   Thumb Code     0  entry9a.o(.ARM.Collect$$$$0000000B)
    __rt_lib_shutdown_fini                   0x00000295   Thumb Code     0  entry12b.o(.ARM.Collect$$$$0000000E)
    __rt_final_cpp                           0x00000299   Thumb Code     0  entry10a.o(.ARM.Collect$$$$0000000F)
    __rt_final_exit                          0x00000299   Thumb Code     0  entry11a.o(.ARM.Collect$$$$00000011)
    __aeabi_f2d                              0x0000029d   Thumb Code    38  f2d.o(.text)
    __aeabi_uidiv                            0x000002c3   Thumb Code     0  uidiv.o(.text)
    __aeabi_uidivmod                         0x000002c3   Thumb Code    44  uidiv.o(.text)
    __aeabi_uldivmod                         0x000002ef   Thumb Code    98  uldiv.o(.text)
    __I$use$fp                               0x00000351   Thumb Code     0  iusefp.o(.text)
    __aeabi_dadd                             0x00000351   Thumb Code   322  dadd.o(.text)
    __aeabi_dsub                             0x00000493   Thumb Code     6  dadd.o(.text)
    __aeabi_drsub                            0x00000499   Thumb Code     6  dadd.o(.text)
    __aeabi_dmul                             0x0000049f   Thumb Code   228  dmul.o(.text)
    __aeabi_ddiv                             0x00000583   Thumb Code   222  ddiv.o(.text)
    __aeabi_d2ulz                            0x00000661   Thumb Code    48  dfixul.o(.text)
    __aeabi_cdrcmple                         0x00000691   Thumb Code    48  cdrcmple.o(.text)
    __scatterload                            0x000006c1   Thumb Code    28  init.o(.text)
    __scatterload_rt2                        0x000006c1   Thumb Code     0  init.o(.text)
    __aeabi_llsl                             0x000006e5   Thumb Code    30  llshl.o(.text)
    _ll_shift_l                              0x000006e5   Thumb Code     0  llshl.o(.text)
    __aeabi_llsr                             0x00000703   Thumb Code    32  llushr.o(.text)
    _ll_ushift_r                             0x00000703   Thumb Code     0  llushr.o(.text)
    __aeabi_lasr                             0x00000723   Thumb Code    36  llsshr.o(.text)
    _ll_sshift_r                             0x00000723   Thumb Code     0  llsshr.o(.text)
    _double_round                            0x00000747   Thumb Code    30  depilogue.o(.text)
    _double_epilogue                         0x00000765   Thumb Code   156  depilogue.o(.text)
    BookExamples                             0x00000801   Thumb Code   166  st7735testmain.o(i.BookExamples)
    Delay1ms                                 0x00000935   Thumb Code    32  st7735.o(i.Delay1ms)
    Output_Color                             0x00000955   Thumb Code    12  st7735.o(i.Output_Color)
    Output_Init                              0x00000961   Thumb Code    16  st7735.o(i.Output_Init)
    ST7735_DrawCharS                         0x00000971   Thumb Code   236  st7735.o(i.ST7735_DrawCharS)
    ST7735_DrawPixel                         0x00000a69   Thumb Code    68  st7735.o(i.ST7735_DrawPixel)
    ST7735_DrawString                        0x00000ab5   Thumb Code    84  st7735.o(i.ST7735_DrawString)
    ST7735_FillRect                          0x00000b09   Thumb Code   168  st7735.o(i.ST7735_FillRect)
    ST7735_FillScreen                        0x00000bb9   Thumb Code    28  st7735.o(i.ST7735_FillScreen)
    ST7735_InitR                             0x00000bdd   Thumb Code    90  st7735.o(i.ST7735_InitR)
    ST7735_OutChar                           0x00000c59   Thumb Code   176  st7735.o(i.ST7735_OutChar)
    ST7735_SetCursor                         0x00000d2d   Thumb Code    22  st7735.o(i.ST7735_SetCursor)
    ST7735_SetTextColor                      0x00000d4d   Thumb Code     6  st7735.o(i.ST7735_SetTextColor)
    __0printf                                0x00000d59   Thumb Code    22  printfa.o(i.__0printf)
    __1printf                                0x00000d59   Thumb Code     0  printfa.o(i.__0printf)
    __2printf                                0x00000d59   Thumb Code     0  printfa.o(i.__0printf)
    __c89printf                              0x00000d59   Thumb Code     0  printfa.o(i.__0printf)
    printf                                   0x00000d59   Thumb Code     0  printfa.o(i.__0printf)
    __scatterload_copy                       0x00000d79   Thumb Code    14  handlers.o(i.__scatterload_copy)
    __scatterload_null                       0x00000d87   Thumb Code     2  handlers.o(i.__scatterload_null)
    __scatterload_zeroinit                   0x00000d89   Thumb Code    14  handlers.o(i.__scatterload_zeroinit)
    fputc                                    0x0000181d   Thumb Code    16  st7735.o(i.fputc)
    main                                     0x0000182d   Thumb Code    50  st7735testmain.o(i.main)
    smallCircle                              0x00001f32   Data          36  st7735.o(.constdata)
    circle                                   0x00001f56   Data          60  st7735.o(.constdata)
    dBfs                                     0x00001f92   Data         512  st7735.o(.constdata)
    Region$$Table$$Base                      0x00002194   Number         0  anon$$obj.o(Region$$Table)
    Region$$Table$$Limit                     0x000021b4   Number         0  anon$$obj.o(Region$$Table)
    StX                                      0x20000000   Data           4  st7735.o(.data)
    StY                                      0x20000004   Data           4  st7735.o(.data)
    StTextColor                              0x20000008   Data           2  st7735.o(.data)
    Messageindex                             0x20000014   Data           4  st7735.o(.data)
    Ymax                                     0x20000018   Data           4  st7735.o(.data)
    Ymin                                     0x2000001c   Data           4  st7735.o(.data)
    X                                        0x20000020   Data           4  st7735.o(.data)
    Yrange                                   0x20000024   Data           4  st7735.o(.data)
    lastj                                    0x20000028   Data           4  st7735.o(.data)
    __stdout                                 0x2000002c   Data           4  stdout.o(.data)
    __initial_sp                             0x20000430   Data           0  startup.o(STACK)



==============================================================================

Memory Map of the image

  Image Entry point : 0x0000026d

  Load Region LR_1 (Base: 0x00000000, Size: 0x000021e4, Max: 0xffffffff, ABSOLUTE)

    Execution Region ER_RO (Exec base: 0x00000000, Load base: 0x00000000, Size: 0x000021b4, Max: 0xffffffff, ABSOLUTE)

    Exec Addr    Load Addr    Size         Type   Attr      Idx    E Section Name        Object

    0x00000000   0x00000000   0x00000284   Code   RO            3  * RESET               startup.o
    0x00000284   0x00000284   0x00000000   Code   RO          890  * .ARM.Collect$$$$00000000  mc_w.l(entry.o)
    0x00000284   0x00000284   0x00000004   Code   RO         1156    .ARM.Collect$$$$00000001  mc_w.l(entry2.o)
    0x00000288   0x00000288   0x00000004   Code   RO         1159    .ARM.Collect$$$$00000004  mc_w.l(entry5.o)
    0x0000028c   0x0000028c   0x00000000   Code   RO         1161    .ARM.Collect$$$$00000008  mc_w.l(entry7b.o)
    0x0000028c   0x0000028c   0x00000000   Code   RO         1163    .ARM.Collect$$$$0000000A  mc_w.l(entry8b.o)
    0x0000028c   0x0000028c   0x00000008   Code   RO         1164    .ARM.Collect$$$$0000000B  mc_w.l(entry9a.o)
    0x00000294   0x00000294   0x00000004   Code   RO         1171    .ARM.Collect$$$$0000000E  mc_w.l(entry12b.o)
    0x00000298   0x00000298   0x00000000   Code   RO         1166    .ARM.Collect$$$$0000000F  mc_w.l(entry10a.o)
    0x00000298   0x00000298   0x00000000   Code   RO         1168    .ARM.Collect$$$$00000011  mc_w.l(entry11a.o)
    0x00000298   0x00000298   0x00000004   Code   RO         1157    .ARM.Collect$$$$00002712  mc_w.l(entry2.o)
    0x0000029c   0x0000029c   0x00000026   Code   RO         1154    .text               mf_w.l(f2d.o)
    0x000002c2   0x000002c2   0x0000002c   Code   RO         1173    .text               mc_w.l(uidiv.o)
    0x000002ee   0x000002ee   0x00000062   Code   RO         1175    .text               mc_w.l(uldiv.o)
    0x00000350   0x00000350   0x00000000   Code   RO         1177    .text               mc_w.l(iusefp.o)
    0x00000350   0x00000350   0x0000014e   Code   RO         1178    .text               mf_w.l(dadd.o)
    0x0000049e   0x0000049e   0x000000e4   Code   RO         1180    .text               mf_w.l(dmul.o)
    0x00000582   0x00000582   0x000000de   Code   RO         1182    .text               mf_w.l(ddiv.o)
    0x00000660   0x00000660   0x00000030   Code   RO         1184    .text               mf_w.l(dfixul.o)
    0x00000690   0x00000690   0x00000030   Code   RO         1186    .text               mf_w.l(cdrcmple.o)
    0x000006c0   0x000006c0   0x00000024   Code   RO         1188    .text               mc_w.l(init.o)
    0x000006e4   0x000006e4   0x0000001e   Code   RO         1190    .text               mc_w.l(llshl.o)
    0x00000702   0x00000702   0x00000020   Code   RO         1192    .text               mc_w.l(llushr.o)
    0x00000722   0x00000722   0x00000024   Code   RO         1194    .text               mc_w.l(llsshr.o)
    0x00000746   0x00000746   0x000000ba   Code   RO         1196    .text               mf_w.l(depilogue.o)
    0x00000800   0x00000800   0x00000134   Code   RO           12    i.BookExamples      st7735testmain.o
    0x00000934   0x00000934   0x00000020   Code   RO          149    i.Delay1ms          st7735.o
    0x00000954   0x00000954   0x0000000c   Code   RO          151    i.Output_Color      st7735.o
    0x00000960   0x00000960   0x00000010   Code   RO          152    i.Output_Init       st7735.o
    0x00000970   0x00000970   0x000000f8   Code   RO          158    i.ST7735_DrawCharS  st7735.o
    0x00000a68   0x00000a68   0x0000004c   Code   RO          162    i.ST7735_DrawPixel  st7735.o
    0x00000ab4   0x00000ab4   0x00000054   Code   RO          164    i.ST7735_DrawString  st7735.o
    0x00000b08   0x00000b08   0x000000b0   Code   RO          165    i.ST7735_FillRect   st7735.o
    0x00000bb8   0x00000bb8   0x00000024   Code   RO          166    i.ST7735_FillScreen  st7735.o
    0x00000bdc   0x00000bdc   0x0000007c   Code   RO          168    i.ST7735_InitR      st7735.o
    0x00000c58   0x00000c58   0x000000d4   Code   RO          171    i.ST7735_OutChar    st7735.o
    0x00000d2c   0x00000d2c   0x00000020   Code   RO          184    i.ST7735_SetCursor  st7735.o
    0x00000d4c   0x00000d4c   0x0000000c   Code   RO          186    i.ST7735_SetTextColor  st7735.o
    0x00000d58   0x00000d58   0x00000020   Code   RO         1126    i.__0printf         mc_w.l(printfa.o)
    0x00000d78   0x00000d78   0x0000000e   Code   RO         1200    i.__scatterload_copy  mc_w.l(handlers.o)
    0x00000d86   0x00000d86   0x00000002   Code   RO         1201    i.__scatterload_null  mc_w.l(handlers.o)
    0x00000d88   0x00000d88   0x0000000e   Code   RO         1202    i.__scatterload_zeroinit  mc_w.l(handlers.o)
    0x00000d96   0x00000d96   0x00000002   PAD
    0x00000d98   0x00000d98   0x00000184   Code   RO         1133    i._fp_digits        mc_w.l(printfa.o)
    0x00000f1c   0x00000f1c   0x000006b4   Code   RO         1134    i._printf_core      mc_w.l(printfa.o)
    0x000015d0   0x000015d0   0x00000024   Code   RO         1135    i._printf_post_padding  mc_w.l(printfa.o)
    0x000015f4   0x000015f4   0x0000002e   Code   RO         1136    i._printf_pre_padding  mc_w.l(printfa.o)
    0x00001622   0x00001622   0x00000056   Code   RO          193    i.commandList       st7735.o
    0x00001678   0x00001678   0x00000188   Code   RO          194    i.commonInit        st7735.o
    0x00001800   0x00001800   0x0000001c   Code   RO          195    i.deselect          st7735.o
    0x0000181c   0x0000181c   0x00000010   Code   RO          201    i.fputc             st7735.o
    0x0000182c   0x0000182c   0x00000040   Code   RO           18    i.main              st7735testmain.o
    0x0000186c   0x0000186c   0x00000012   Code   RO          204    i.pushColor         st7735.o
    0x0000187e   0x0000187e   0x00000002   PAD
    0x00001880   0x00001880   0x00000074   Code   RO          205    i.setAddrWindow     st7735.o
    0x000018f4   0x000018f4   0x00000038   Code   RO          206    i.writecommand      st7735.o
    0x0000192c   0x0000192c   0x00000024   Code   RO          207    i.writedata         st7735.o
    0x00001950   0x00001950   0x00000842   Data   RO          209    .constdata          st7735.o
    0x00002192   0x00002192   0x00000002   PAD
    0x00002194   0x00002194   0x00000020   Data   RO         1198    Region$$Table       anon$$obj.o


    Execution Region ER_RW (Exec base: 0x20000000, Load base: 0x000021b4, Size: 0x00000030, Max: 0xffffffff, ABSOLUTE)

    Exec Addr    Load Addr    Size         Type   Attr      Idx    E Section Name        Object

    0x20000000   0x000021b4   0x0000002c   Data   RW          210    .data               st7735.o
    0x2000002c   0x000021e0   0x00000004   Data   RW         1172    .data               mc_w.l(stdout.o)


    Execution Region ER_ZI (Exec base: 0x20000030, Load base: 0x000021e4, Size: 0x00000400, Max: 0xffffffff, ABSOLUTE)

    Exec Addr    Load Addr    Size         Type   Attr      Idx    E Section Name        Object

    0x20000030        -       0x00000400   Zero   RW            1    STACK               startup.o


==============================================================================

Image component sizes


      Code (inc. data)   RO Data    RW Data    ZI Data      Debug   Object Name

      1808        206       2114         44          0      15505   st7735.o
       372        156          0          0          0       6786   st7735testmain.o
       644        620          0          0       1024        740   startup.o

    ----------------------------------------------------------------------
      2826        982       2148         44       1024      23031   Object Totals
         0          0         32          0          0          0   (incl. Generated)
         2          0          2          0          0          0   (incl. Padding)

    ----------------------------------------------------------------------

      Code (inc. data)   RO Data    RW Data    ZI Data      Debug   Library Member Name

         0          0          0          0          0          0   entry.o
         0          0          0          0          0          0   entry10a.o
         0          0          0          0          0          0   entry11a.o
         4          0          0          0          0          0   entry12b.o
         8          4          0          0          0          0   entry2.o
         4          0          0          0          0          0   entry5.o
         0          0          0          0          0          0   entry7b.o
         0          0          0          0          0          0   entry8b.o
         8          4          0          0          0          0   entry9a.o
        30          0          0          0          0          0   handlers.o
        36          8          0          0          0         68   init.o
         0          0          0          0          0          0   iusefp.o
        30          0          0          0          0         68   llshl.o
        36          0          0          0          0         68   llsshr.o
        32          0          0          0          0         68   llushr.o
      2218         90          0          0          0        464   printfa.o
         0          0          0          4          0          0   stdout.o
        44          0          0          0          0         80   uidiv.o
        98          0          0          0          0         92   uldiv.o
        48          0          0          0          0         68   cdrcmple.o
       334          0          0          0          0        148   dadd.o
       222          0          0          0          0        100   ddiv.o
       186          0          0          0          0        176   depilogue.o
        48          0          0          0          0         68   dfixul.o
       228          0          0          0          0         96   dmul.o
        38          0          0          0          0         68   f2d.o

    ----------------------------------------------------------------------
      3654        106          0          4          0       1632   Library Totals
         2          0          0          0          0          0   (incl. Padding)

    ----------------------------------------------------------------------

      Code (inc. data)   RO Data    RW Data    ZI Data      Debug   Library Name

      2548        106          0          4          0        908   mc_w.l
      1104          0          0          0          0        724   mf_w.l

    ----------------------------------------------------------------------
      3654        106          0          4          0       1632   Library Totals

    ----------------------------------------------------------------------

==============================================================================


      Code (inc. data)   RO Data    RW Data    ZI Data      Debug   

      6480       1088       2148         48       1024      23047   Grand Totals
      6480       1088       2148         48       1024      23047   ELF Image Totals
      6480       1088       2148         48          0          0   ROM Totals

==============================================================================

    Total RO  Size (Code + RO Data)                 8628 (   8.43kB)
    Total RW  Size (RW Data + ZI Data)              1072 (   1.05kB)
    Total ROM Size (Code + RO Data + RW Data)       8676 (   8.47kB)

==============================================================================

